Component: ARM Compiler 5.06 update 5 (build 528) Tool: armlink [4d35e2]

==============================================================================

Section Cross References

    main.o(i.TIM5_IRQHandler) refers to stm32f10x_tim.o(i.TIM_GetITStatus) for TIM_GetITStatus
    main.o(i.TIM5_IRQHandler) refers to stm32f10x_tim.o(i.TIM_ClearITPendingBit) for TIM_ClearITPendingBit
    main.o(i.TIM5_IRQHandler) refers to stm32f10x_tim.o(i.TIM_SetCompare2) for TIM_SetCompare2
    main.o(i.TIM5_IRQHandler) refers to cfcmple.o(.text) for __aeabi_cfcmpeq
    main.o(i.TIM5_IRQHandler) refers to main.o(.data) for light_level
    main.o(i.choice) refers to oled1.o(i.OLED_Show_ChineseChar) for OLED_Show_ChineseChar
    main.o(i.choice) refers to oled1.o(i.OLED_Refresh_Gram) for OLED_Refresh_Gram
    main.o(i.choice) refers to key.o(i.KEY_Scan) for KEY_Scan
    main.o(i.choice) refers to esp8266.o(i.ESP8266_recall) for ESP8266_recall
    main.o(i.choice) refers to strcpy.o(.text) for strcpy
    main.o(i.choice) refers to oled1.o(i.OLED_Clear) for OLED_Clear
    main.o(i.choice) refers to main.o(.data) for flag_choice_pre
    main.o(i.choice) refers to main.o(.bss) for history_time
    main.o(i.errorLog) refers to printf8.o(i.__0printf$8) for __2printf
    main.o(i.home) refers to oled1.o(i.OLED_ShowGraph) for OLED_ShowGraph
    main.o(i.home) refers to oled1.o(i.OLED_ShowString) for OLED_ShowString
    main.o(i.home) refers to oled1.o(i.OLED_Opposite) for OLED_Opposite
    main.o(i.home) refers to oled1.o(i.OLED_Refresh_Gram) for OLED_Refresh_Gram
    main.o(i.home) refers to main.o(.bss) for Time
    main.o(i.home) refers to main.o(.data) for Xinhao
    main.o(i.home1) refers to oled1.o(i.OLED_ShowString) for OLED_ShowString
    main.o(i.home1) refers to oled1.o(i.OLED_Show_ChineseString) for OLED_Show_ChineseString
    main.o(i.home1) refers to oled1.o(i.OLED_Judge) for OLED_Judge
    main.o(i.home1) refers to oled1.o(i.OLED_ShowNum) for OLED_ShowNum
    main.o(i.home1) refers to oled1.o(i.OLED_Show_ChineseChar) for OLED_Show_ChineseChar
    main.o(i.home1) refers to oled1.o(i.OLED_Refresh_Gram) for OLED_Refresh_Gram
    main.o(i.home1) refers to key.o(i.KEY_Scan) for KEY_Scan
    main.o(i.home1) refers to oled1.o(i.OLED_Opposite) for OLED_Opposite
    main.o(i.home1) refers to main.o(.data) for flag_home1_show
    main.o(i.key_set) refers to key.o(i.KEY_Scan) for KEY_Scan
    main.o(i.key_set) refers to oled1.o(i.OLED_Clear) for OLED_Clear
    main.o(i.key_set) refers to main.o(.data) for index_num
    main.o(i.main) refers to misc.o(i.NVIC_PriorityGroupConfig) for NVIC_PriorityGroupConfig
    main.o(i.main) refers to usart.o(i.UART_init) for UART_init
    main.o(i.main) refers to delay.o(i.delay_init) for delay_init
    main.o(i.main) refers to oled1.o(i.OLED_Init) for OLED_Init
    main.o(i.main) refers to esp8266.o(i.ESP8266_Setup) for ESP8266_Setup
    main.o(i.main) refers to dma.o(i.DMA_Start) for DMA_Start
    main.o(i.main) refers to led.o(i.LED_Init) for LED_Init
    main.o(i.main) refers to key.o(i.KEY_Init) for KEY_Init
    main.o(i.main) refers to mpu6050.o(i.MPU_Init) for MPU_Init
    main.o(i.main) refers to beep.o(i.BEEP_Init) for BEEP_Init
    main.o(i.main) refers to usart.o(i.clrStruct) for clrStruct
    main.o(i.main) refers to oled1.o(i.OLED_Clear) for OLED_Clear
    main.o(i.main) refers to main.o(i.home) for home
    main.o(i.main) refers to timer.o(i.TIM5_Init) for TIM5_Init
    main.o(i.main) refers to timer.o(i.TIM3_PWM_Init) for TIM3_PWM_Init
    main.o(i.main) refers to main.o(i.parseGpsBuffer) for parseGpsBuffer
    main.o(i.main) refers to main.o(i.printGpsBuffer) for printGpsBuffer
    main.o(i.main) refers to esp8266.o(i.ESP8266_Sendcondition) for ESP8266_Sendcondition
    main.o(i.main) refers to syn6288.o(i.TTSPlay) for TTSPlay
    main.o(i.main) refers to mpu6050.o(i.MPU_Get_Temperature) for MPU_Get_Temperature
    main.o(i.main) refers to mpu6050.o(i.MPU_Get_Accelerometer) for MPU_Get_Accelerometer
    main.o(i.main) refers to mpu6050.o(i.MPU_Get_Gyroscope) for MPU_Get_Gyroscope
    main.o(i.main) refers to fflti.o(.text) for __aeabi_i2f
    main.o(i.main) refers to fdiv.o(.text) for __aeabi_fdiv
    main.o(i.main) refers to fadd.o(.text) for __aeabi_fsub
    main.o(i.main) refers to cfrcmple.o(.text) for __aeabi_cfrcmple
    main.o(i.main) refers to main.o(i.key_set) for key_set
    main.o(i.main) refers to syn6288.o(.bss) for broadcast
    main.o(i.main) refers to usart.o(.bss) for Receive_Buff
    main.o(i.main) refers to usmart_config.o(.data) for usmart_dev
    main.o(i.main) refers to main.o(.data) for gps_report
    main.o(i.main) refers to usart.o(.data) for DMASign
    main.o(i.main) refers to main.o(.bss) for Latitude
    main.o(i.parseGpsBuffer) refers to printf8.o(i.__0printf$8) for __2printf
    main.o(i.parseGpsBuffer) refers to printfa.o(i.__0printf) for __c89printf
    main.o(i.parseGpsBuffer) refers to strstr.o(.text) for strstr
[...]
    i.MPU_IIC_Wait_Ack                       0x0800146c   Section        0  mpuiic.o(i.MPU_IIC_Wait_Ack)
    i.MPU_Init                               0x080014d0   Section        0  mpu6050.o(i.MPU_Init)
    i.MPU_Read_Byte                          0x08001590   Section        0  mpu6050.o(i.MPU_Read_Byte)
    i.MPU_Read_Len                           0x080015ca   Section        0  mpu6050.o(i.MPU_Read_Len)
    i.MPU_Set_Accel_Fsr                      0x0800163e   Section        0  mpu6050.o(i.MPU_Set_Accel_Fsr)
    i.MPU_Set_Gyro_Fsr                       0x0800164e   Section        0  mpu6050.o(i.MPU_Set_Gyro_Fsr)
    i.MPU_Set_LPF                            0x0800165e   Section        0  mpu6050.o(i.MPU_Set_LPF)
    i.MPU_Set_Rate                           0x08001698   Section        0  mpu6050.o(i.MPU_Set_Rate)
    i.MPU_Write_Byte                         0x080016d2   Section        0  mpu6050.o(i.MPU_Write_Byte)
    i.MemManage_Handler                      0x08001716   Section        0  stm32f10x_it.o(i.MemManage_Handler)
    i.NMI_Handler                            0x0800171a   Section        0  stm32f10x_it.o(i.NMI_Handler)
    i.NVIC_Init                              0x0800171c   Section        0  misc.o(i.NVIC_Init)
    i.NVIC_PriorityGroupConfig               0x0800178c   Section        0  misc.o(i.NVIC_PriorityGroupConfig)
    i.OLED_Clear                             0x080017a0   Section        0  oled1.o(i.OLED_Clear)
    i.OLED_DrawPoint                         0x080017d0   Section        0  oled1.o(i.OLED_DrawPoint)
    i.OLED_I2C_Init                          0x08001838   Section        0  oled1.o(i.OLED_I2C_Init)
    i.OLED_I2C_SendByte                      0x08001884   Section        0  oled1.o(i.OLED_I2C_SendByte)
    i.OLED_I2C_Start                         0x080018d4   Section        0  oled1.o(i.OLED_I2C_Start)
    i.OLED_I2C_Stop                          0x08001904   Section        0  oled1.o(i.OLED_I2C_Stop)
    i.OLED_Init                              0x0800192c   Section        0  oled1.o(i.OLED_Init)
    i.OLED_Judge                             0x080019dc   Section        0  oled1.o(i.OLED_Judge)
    i.OLED_Opposite                          0x08001a2c   Section        0  oled1.o(i.OLED_Opposite)
    i.OLED_Refresh_Gram                      0x08001abc   Section        0  oled1.o(i.OLED_Refresh_Gram)
    i.OLED_ShowChar                          0x08001b00   Section        0  oled1.o(i.OLED_ShowChar)
    i.OLED_ShowGraph                         0x08001c0c   Section        0  oled1.o(i.OLED_ShowGraph)
    i.OLED_ShowNum                           0x08001cc8   Section        0  oled1.o(i.OLED_ShowNum)
    i.OLED_ShowString                        0x08001d5c   Section        0  oled1.o(i.OLED_ShowString)
    i.OLED_Show_ChineseChar                  0x08001dbc   Section        0  oled1.o(i.OLED_Show_ChineseChar)
    i.OLED_Show_ChineseString                0x08001e94   Section        0  oled1.o(i.OLED_Show_ChineseString)
    i.OLED_WriteCommand                      0x08001ede   Section        0  oled1.o(i.OLED_WriteCommand)
    i.OLED_WriteData                         0x08001efe   Section        0  oled1.o(i.OLED_WriteData)
    i.PendSV_Handler                         0x08001f1e   Section        0  stm32f10x_it.o(i.PendSV_Handler)
    i.RCC_AHBPeriphClockCmd                  0x08001f20   Section        0  stm32f10x_rcc.o(i.RCC_AHBPeriphClockCmd)
    i.RCC_APB1PeriphClockCmd                 0x08001f40   Section        0  stm32f10x_rcc.o(i.RCC_APB1PeriphClockCmd)
    i.RCC_APB2PeriphClockCmd                 0x08001f60   Section        0  stm32f10x_rcc.o(i.RCC_APB2PeriphClockCmd)
    i.RCC_GetClocksFreq                      0x08001f80   Section        0  stm32f10x_rcc.o(i.RCC_GetClocksFreq)
    i.SVC_Handler                            0x08002054   Section        0  stm32f10x_it.o(i.SVC_Handler)
    i.Serial_SendMessage                     0x08002056   Section        0  usart.o(i.Serial_SendMessage)
    i.Serial_SendString                      0x080020dc   Section        0  usart.o(i.Serial_SendString)
    i.SetSysClock                            0x0800215c   Section        0  system_stm32f10x.o(i.SetSysClock)
    SetSysClock                              0x0800215d   Thumb Code     8  system_stm32f10x.o(i.SetSysClock)
    i.SetSysClockTo72                        0x08002164   Section        0  system_stm32f10x.o(i.SetSysClockTo72)
    SetSysClockTo72                          0x08002165   Thumb Code   214  system_stm32f10x.o(i.SetSysClockTo72)
    i.SysTick_CLKSourceConfig                0x08002244   Section        0  misc.o(i.SysTick_CLKSourceConfig)
    i.SysTick_Handler                        0x0800226c   Section        0  stm32f10x_it.o(i.SysTick_Handler)
    i.SystemInit                             0x08002270   Section        0  system_stm32f10x.o(i.SystemInit)
    i.TIM3_PWM_Init                          0x080022d0   Section        0  timer.o(i.TIM3_PWM_Init)
    i.TIM4_IRQHandler                        0x08002360   Section        0  usmart.o(i.TIM4_IRQHandler)
    i.TIM5_IRQHandler                        0x08002398   Section        0  main.o(i.TIM5_IRQHandler)
    i.TIM5_Init                              0x08002470   Section        0  timer.o(i.TIM5_Init)
    i.TIM_ClearFlag                          0x080024d0   Section        0  stm32f10x_tim.o(i.TIM_ClearFlag)
    i.TIM_ClearITPendingBit                  0x080024d6   Section        0  stm32f10x_tim.o(i.TIM_ClearITPendingBit)
    i.TIM_Cmd                                0x080024dc   Section        0  stm32f10x_tim.o(i.TIM_Cmd)
    i.TIM_GetCounter                         0x080024f4   Section        0  stm32f10x_tim.o(i.TIM_GetCounter)
    i.TIM_GetFlagStatus                      0x080024fa   Section        0  stm32f10x_tim.o(i.TIM_GetFlagStatus)
    i.TIM_GetITStatus                        0x0800250c   Section        0  stm32f10x_tim.o(i.TIM_GetITStatus)
    i.TIM_ITConfig                           0x0800252e   Section        0  stm32f10x_tim.o(i.TIM_ITConfig)
    i.TIM_OC2Init                            0x08002540   Section        0  stm32f10x_tim.o(i.TIM_OC2Init)
    i.TIM_OC2PreloadConfig                   0x080025e4   Section        0  stm32f10x_tim.o(i.TIM_OC2PreloadConfig)
    i.TIM_SetAutoreload                      0x080025fe   Section        0  stm32f10x_tim.o(i.TIM_SetAutoreload)
    i.TIM_SetCompare2                        0x08002602   Section        0  stm32f10x_tim.o(i.TIM_SetCompare2)
    i.TIM_SetCounter                         0x08002606   Section        0  stm32f10x_tim.o(i.TIM_SetCounter)
    i.TIM_TimeBaseInit                       0x0800260c   Section        0  stm32f10x_tim.o(i.TIM_TimeBaseInit)
    i.TTSPlay                                0x080026b0   Section        0  syn6288.o(i.TTSPlay)
    i.Timer4_Init                            0x080027e8   Section        0  usmart.o(i.Timer4_Init)
    i.UART2_SendByte                         0x08002844   Section        0  usart.o(i.UART2_SendByte)
    i.UART_init                              0x08002864   Section        0  usart.o(i.UART_init)
    i.USART1_IRQHandler                      0x08002880   Section        0  usart.o(i.USART1_IRQHandler)
    i.USART3_IRQHandler                      0x08002900   Section        0  usart.o(i.USART3_IRQHandler)
    i.USART_ClearITPendingBit                0x080029f0   Section        0  stm32f10x_usart.o(i.USART_ClearITPendingBit)
    i.USART_Cmd                              0x08002a0e   Section        0  stm32f10x_usart.o(i.USART_Cmd)
    i.USART_DMACmd                           0x08002a26   Section        0  stm32f10x_usart.o(i.USART_DMACmd)
    i.USART_GetFlagStatus                    0x08002a38   Section        0  stm32f10x_usart.o(i.USART_GetFlagStatus)
    i.USART_GetITStatus                      0x08002a52   Section        0  stm32f10x_usart.o(i.USART_GetITStatus)
    i.USART_ITConfig                         0x08002aa6   Section        0  stm32f10x_usart.o(i.USART_ITConfig)
    i.USART_Init                             0x08002af0   Section        0  stm32f10x_usart.o(i.USART_Init)
    i.USART_ReceiveData                      0x08002bc8   Section        0  stm32f10x_usart.o(i.USART_ReceiveData)
    i.USART_SendData                         0x08002bd2   Section        0  stm32f10x_usart.o(i.USART_SendData)
    i.UTFchange                              0x08002bda   Section        0  syn6288.o(i.UTFchange)
    i.UsageFault_Handler                     0x08002cfc   Section        0  stm32f10x_it.o(i.UsageFault_Handler)
    i.__0printf                              0x08002d00   Section        0  printfa.o(i.__0printf)
    i.__0printf$8                            0x08002d20   Section        0  printf8.o(i.__0printf$8)
    i.__scatterload_copy                     0x08002d40   Section       14  handlers.o(i.__scatterload_copy)
    i.__scatterload_null                     0x08002d4e   Section        2  handlers.o(i.__scatterload_null)
    i.__scatterload_zeroinit                 0x08002d50   Section       14  handlers.o(i.__scatterload_zeroinit)
    i._fp_digits                             0x08002d60   Section        0  printfa.o(i._fp_digits)
    _fp_digits                               0x08002d61   Thumb Code   366  printfa.o(i._fp_digits)
    i._printf_core                           0x08002ee4   Section        0  printf8.o(i._printf_core)
    _printf_core                             0x08002ee5   Thumb Code   996  printf8.o(i._printf_core)
    i._printf_core                           0x080032f4   Section        0  printfa.o(i._printf_core)
    _printf_core                             0x080032f5   Thumb Code  1744  printfa.o(i._printf_core)
    i._printf_post_padding                   0x080039d0   Section        0  printf8.o(i._printf_post_padding)
    _printf_post_padding                     0x080039d1   Thumb Code    36  printf8.o(i._printf_post_padding)
    i._printf_post_padding                   0x080039f4   Section        0  printfa.o(i._printf_post_padding)
    _printf_post_padding                     0x080039f5   Thumb Code    36  printfa.o(i._printf_post_padding)
    i._printf_pre_padding                    0x08003a18   Section        0  printf8.o(i._printf_pre_padding)
    _printf_pre_padding                      0x08003a19   Thumb Code    46  printf8.o(i._printf_pre_padding)
    i._printf_pre_padding                    0x08003a46   Section        0  printfa.o(i._printf_pre_padding)
    _printf_pre_padding                      0x08003a47   Thumb Code    46  printfa.o(i._printf_pre_padding)
    i.choice                                 0x08003a74   Section        0  main.o(i.choice)
    i.clrStruct                              0x08003d6c   Section        0  usart.o(i.clrStruct)
    i.delay_init                             0x08003db8   Section        0  delay.o(i.delay_init)
    i.delay_ms                               0x08003dfc   Section        0  delay.o(i.delay_ms)
    i.delay_s                                0x08003e48   Section        0  delay.o(i.delay_s)
    i.delay_us                               0x08003e60   Section        0  delay.o(i.delay_us)
    i.errorLog                               0x08003eac   Section        0  main.o(i.errorLog)
    i.fputc                                  0x08003ec8   Section        0  usart.o(i.fputc)
    i.free                                   0x08003ee4   Section        0  malloc.o(i.free)
    i.home                                   0x08003f34   Section        0  main.o(i.home)
    i.home1                                  0x08003fe8   Section        0  main.o(i.home1)
    i.key_set                                0x080043b0   Section        0  main.o(i.key_set)
    i.main                                   0x08004470   Section        0  main.o(i.main)
    i.malloc                                 0x080047a0   Section        0  malloc.o(i.malloc)
    i.mypow                                  0x0800480c   Section        0  oled1.o(i.mypow)
    i.parseGpsBuffer                         0x08004824   Section        0  main.o(i.parseGpsBuffer)
    i.phone                                  0x08004a4c   Section        0  main.o(i.phone)
    i.phone1                                 0x08004b00   Section        0  main.o(i.phone1)
    i.printGpsBuffer                         0x08004d9c   Section        0  main.o(i.printGpsBuffer)
    i.read_addr                              0x080050b8   Section        0  usmart.o(i.read_addr)
    i.set_member                             0x080050c0   Section        0  main.o(i.set_member)
    i.set_member1                            0x08005174   Section        0  main.o(i.set_member1)
    i.uart2_init                             0x080052a0   Section        0  usart.o(i.uart2_init)
    i.uart3_init                             0x08005308   Section        0  usart.o(i.uart3_init)
    i.uart_init                              0x080053bc   Section        0  usart.o(i.uart_init)
    i.usmart_cmd_rec                         0x0800545c   Section        0  usmart.o(i.usmart_cmd_rec)
    i.usmart_exe                             0x0800550c   Section        0  usmart.o(i.usmart_exe)
    i.usmart_get_aparm                       0x080057e0   Section        0  usmart_str.o(i.usmart_get_aparm)
    i.usmart_get_cmdname                     0x080058a8   Section        0  usmart_str.o(i.usmart_get_cmdname)
    i.usmart_get_fname                       0x080058e0   Section        0  usmart_str.o(i.usmart_get_fname)
    i.usmart_get_fparam                      0x08005aa0   Section        0  usmart_str.o(i.usmart_get_fparam)
    i.usmart_get_parmpos                     0x08005bac   Section        0  usmart_str.o(i.usmart_get_parmpos)
    i.usmart_get_runtime                     0x08005bcc   Section        0  usmart.o(i.usmart_get_runtime)
    i.usmart_init                            0x08005c10   Section        0  usmart.o(i.usmart_init)
    i.usmart_pow                             0x08005c38   Section        0  usmart_str.o(i.usmart_pow)
    i.usmart_reset_runtime                   0x08005c50   Section        0  usmart.o(i.usmart_reset_runtime)
    i.usmart_scan                            0x08005c80   Section        0  usmart.o(i.usmart_scan)
    i.usmart_search_nextc                    0x08005d3c   Section        0  usmart_str.o(i.usmart_search_nextc)
    i.usmart_str2num                         0x08005d52   Section        0  usmart_str.o(i.usmart_str2num)
    i.usmart_strcmp                          0x08005e1c   Section        0  usmart_str.o(i.usmart_strcmp)
    i.usmart_strcopy                         0x08005e3e   Section        0  usmart_str.o(i.usmart_strcopy)
    i.usmart_strlen                          0x08005e54   Section        0  usmart_str.o(i.usmart_strlen)
    i.usmart_sys_cmd_exe                     0x08005e6c   Section        0  usmart.o(i.usmart_sys_cmd_exe)
    i.weather                                0x08006550   Section        0  main.o(i.weather)
    i.weather1                               0x08006604   Section        0  main.o(i.weather1)
    i.write_addr                             0x08006858   Section        0  usmart.o(i.write_addr)
    .constdata                               0x0800685c   Section     9252  oled1.o(.constdata)
    .conststring                             0x08008c80   Section      174  esp8266.o(.conststring)
    .conststring                             0x08008d30   Section       40  usmart.o(.conststring)
    .conststring                             0x08008d58   Section      231  usmart_config.o(.conststring)
    .data                                    0x20000000   Section      259  main.o(.data)
    white_position                           0x20000100   Data           1  main.o(.data)
    flag                                     0x20000101   Data           1  main.o(.data)
    white_position                           0x20000102   Data           1  main.o(.data)
    .data                                    0x20000104   Section       20  system_stm32f10x.o(.data)
    .data                                    0x20000118   Section        1  key.o(.data)
    key_up                                   0x20000118   Data           1  key.o(.data)
    .data                                    0x2000011a   Section       55  esp8266.o(.data)
    .data                                    0x20000152   Section        4  delay.o(.data)
    fac_us                                   0x20000152   Data           1  delay.o(.data)
    fac_ms                                   0x20000154   Data           2  delay.o(.data)
    .data                                    0x20000158   Section       14  usart.o(.data)
    .data                                    0x20000168   Section       28  usmart.o(.data)
    .data                                    0x20000184   Section      300  usmart_config.o(.data)
    .data                                    0x200002b0   Section       20  stm32f10x_rcc.o(.data)
    APBAHBPrescTable                         0x200002b0   Data          16  stm32f10x_rcc.o(.data)
    ADCPrescTable                            0x200002c0   Data           4  stm32f10x_rcc.o(.data)
    .data                                    0x200002c4   Section        4  mvars.o(.data)
    .data                                    0x200002c8   Section        4  mvars.o(.data)
    .bss                                     0x200002cc   Section       58  main.o(.bss)
    .bss                                     0x20000306   Section     1024  oled1.o(.bss)
    .bss                                     0x20000706   Section      128  syn6288.o(.bss)
    .bss                                     0x20000786   Section      869  usart.o(.bss)
    HEAP                                     0x20000af0   Section      512  startup_stm32f10x_hd.o(HEAP)
    STACK                                    0x20000cf0   Section     1024  startup_stm32f10x_hd.o(STACK)

    Global Symbols

    Symbol Name                              Value     Ov Type        Size  Object(Section)

    BuildAttributes$$THM_ISAv4$P$D$K$B$S$PE$A:L22UL41UL21$X:L11$S22US41US21$IEEE1$IW$USESV6$~STKCKD$USESV7$~SHL$OTIME$ROPI$IEEEX$EBA8$MICROLIB$REQ8$PRES8$EABIv2 0x00000000   Number         0  anon$$obj.o ABSOLUTE
    __ARM_use_no_argv                        0x00000000   Number         0  main.o ABSOLUTE
    __use_no_errno                           0x00000000   Number         0  useno.o ABSOLUTE
    __use_no_exception_handling              0x00000000   Number         0  useno.o ABSOLUTE
    __use_no_fp                              0x00000000   Number         0  useno.o ABSOLUTE
    __use_no_heap                            0x00000000   Number         0  useno.o ABSOLUTE
    __use_no_heap_region                     0x00000000   Number         0  useno.o ABSOLUTE
    __use_no_semihosting                     0x00000000   Number         0  useno.o ABSOLUTE
    __use_no_semihosting_swi                 0x00000000   Number         0  useno.o ABSOLUTE
    __use_no_signal_handling                 0x00000000   Number         0  useno.o ABSOLUTE
    _printf_a                                0x00000000   Number         0  stubs.o ABSOLUTE
    _printf_c                                0x00000000   Number         0  stubs.o ABSOLUTE
    _printf_charcount                        0x00000000   Number         0  stubs.o ABSOLUTE
    _printf_d                                0x00000000   Number         0  stubs.o ABSOLUTE
    _printf_e                                0x00000000   Number         0  stubs.o ABSOLUTE
    _printf_f                                0x00000000   Number         0  stubs.o ABSOLUTE
    _printf_flags                            0x00000000   Number         0  stubs.o ABSOLUTE
    _printf_fp_dec                           0x00000000   Number         0  stubs.o ABSOLUTE
    _printf_fp_hex                           0x00000000   Number         0  stubs.o ABSOLUTE
    _printf_g                                0x00000000   Number         0  stubs.o ABSOLUTE
    _printf_i                                0x00000000   Number         0  stubs.o ABSOLUTE
    _printf_int_dec                          0x00000000   Number         0  stubs.o ABSOLUTE
    _printf_l                                0x00000000   Number         0  stubs.o ABSOLUTE
    _printf_lc                               0x00000000   Number         0  stubs.o ABSOLUTE
    _printf_ll                               0x00000000   Number         0  stubs.o ABSOLUTE
    _printf_lld                              0x00000000   Number         0  stubs.o ABSOLUTE
    _printf_lli                              0x00000000   Number         0  stubs.o ABSOLUTE
    _printf_llo                              0x00000000   Number         0  stubs.o ABSOLUTE
    _printf_llu                              0x00000000   Number         0  stubs.o ABSOLUTE
    _printf_llx                              0x00000000   Number         0  stubs.o ABSOLUTE
    _printf_longlong_dec                     0x00000000   Number         0  stubs.o ABSOLUTE
    _printf_longlong_hex                     0x00000000   Number         0  stubs.o ABSOLUTE
    _printf_longlong_oct                     0x00000000   Number         0  stubs.o ABSOLUTE
    _printf_ls                               0x00000000   Number         0  stubs.o ABSOLUTE
    _printf_mbtowc                           0x00000000   Number         0  stubs.o ABSOLUTE
    _printf_n                                0x00000000   Number         0  stubs.o ABSOLUTE
    _printf_o                                0x00000000   Number         0  stubs.o ABSOLUTE
    _printf_p                                0x00000000   Number         0  stubs.o ABSOLUTE
    _printf_percent                          0x00000000   Number         0  stubs.o ABSOLUTE
    _printf_pre_padding                      0x00000000   Number         0  stubs.o ABSOLUTE
    _printf_return_value                     0x00000000   Number         0  stubs.o ABSOLUTE
    _printf_s                                0x00000000   Number         0  stubs.o ABSOLUTE
    _printf_sizespec                         0x00000000   Number         0  stubs.o ABSOLUTE
    _printf_str                              0x00000000   Number         0  stubs.o ABSOLUTE
    _printf_truncate_signed                  0x00000000   Number         0  stubs.o ABSOLUTE
    _printf_truncate_unsigned                0x00000000   Number         0  stubs.o ABSOLUTE
    _printf_u                                0x00000000   Number         0  stubs.o ABSOLUTE
    _printf_wc                               0x00000000   Number         0  stubs.o ABSOLUTE
    _printf_wctomb                           0x00000000   Number         0  stubs.o ABSOLUTE
    _printf_widthprec                        0x00000000   Number         0  stubs.o ABSOLUTE
    _printf_x                                0x00000000   Number         0  stubs.o ABSOLUTE
    __cpp_initialize__aeabi_                  - Undefined Weak Reference
    __cxa_finalize                            - Undefined Weak Reference
    _clock_init                               - Undefined Weak Reference
    _microlib_exit                            - Undefined Weak Reference
    __Vectors_Size                           0x00000130   Number         0  startup_stm32f10x_hd.o ABSOLUTE
    __Vectors                                0x08000000   Data           4  startup_stm32f10x_hd.o(RESET)
    __Vectors_End                            0x08000130   Data           0  startup_stm32f10x_hd.o(RESET)
    __main                                   0x08000131   Thumb Code     0  entry.o(.ARM.Collect$$$$00000000)
    _main_stk                                0x08000131   Thumb Code     0  entry2.o(.ARM.Collect$$$$00000001)
    _main_scatterload                        0x08000135   Thumb Code     0  entry5.o(.ARM.Collect$$$$00000004)
    __main_after_scatterload                 0x08000139   Thumb Code     0  entry5.o(.ARM.Collect$$$$00000004)
    _main_clock                              0x08000139   Thumb Code     0  entry7b.o(.ARM.Collect$$$$00000008)
    _main_cpp_init                           0x08000139   Thumb Code     0  entry8b.o(.ARM.Collect$$$$0000000A)
    _main_init                               0x08000139   Thumb Code     0  entry9a.o(.ARM.Collect$$$$0000000B)
    __rt_final_cpp                           0x08000141   Thumb Code     0  entry10a.o(.ARM.Collect$$$$0000000D)
    __rt_final_exit                          0x08000141   Thumb Code     0  entry11a.o(.ARM.Collect$$$$0000000F)
    Reset_Handler                            0x08000145   Thumb Code     8  startup_stm32f10x_hd.o(.text)
    ADC1_2_IRQHandler                        0x0800015f   Thumb Code     0  startup_stm32f10x_hd.o(.text)
    ADC3_IRQHandler                          0x0800015f   Thumb Code     0  startup_stm32f10x_hd.o(.text)
    CAN1_RX1_IRQHandler                      0x0800015f   Thumb Code     0  startup_stm32f10x_hd.o(.text)
    CAN1_SCE_IRQHandler                      0x0800015f   Thumb Code     0  startup_stm32f10x_hd.o(.text)
    DMA1_Channel1_IRQHandler                 0x0800015f   Thumb Code     0  startup_stm32f10x_hd.o(.text)
    DMA1_Channel2_IRQHandler                 0x0800015f   Thumb Code     0  startup_stm32f10x_hd.o(.text)
    DMA1_Channel3_IRQHandler                 0x0800015f   Thumb Code     0  startup_stm32f10x_hd.o(.text)
    DMA1_Channel4_IRQHandler                 0x0800015f   Thumb Code     0  startup_stm32f10x_hd.o(.text)
    DMA1_Channel5_IRQHandler                 0x0800015f   Thumb Code     0  startup_stm32f10x_hd.o(.text)
    DMA1_Channel6_IRQHandler                 0x0800015f   Thumb Code     0  startup_stm32f10x_hd.o(.text)
    DMA1_Channel7_IRQHandler                 0x0800015f   Thumb Code     0  startup_stm32f10x_hd.o(.text)
    DMA2_Channel1_IRQHandler                 0x0800015f   Thumb Code     0  startup_stm32f10x_hd.o(.text)
    DMA2_Channel2_IRQHandler                 0x0800015f   Thumb Code     0  startup_stm32f10x_hd.o(.text)
    DMA2_Channel3_IRQHandler                 0x0800015f   Thumb Code     0  startup_stm32f10x_hd.o(.text)
    DMA2_Channel4_5_IRQHandler               0x0800015f   Thumb Code     0  startup_stm32f10x_hd.o(.text)
    EXTI0_IRQHandler                         0x0800015f   Thumb Code     0  startup_stm32f10x_hd.o(.text)
    EXTI15_10_IRQHandler                     0x0800015f   Thumb Code     0  startup_stm32f10x_hd.o(.text)
    EXTI1_IRQHandler                         0x0800015f   Thumb Code     0  startup_stm32f10x_hd.o(.text)
    EXTI2_IRQHandler                         0x0800015f   Thumb Code     0  startup_stm32f10x_hd.o(.text)
    EXTI3_IRQHandler                         0x0800015f   Thumb Code     0  startup_stm32f10x_hd.o(.text)
    EXTI4_IRQHandler                         0x0800015f   Thumb Code     0  startup_stm32f10x_hd.o(.text)
    EXTI9_5_IRQHandler                       0x0800015f   Thumb Code     0  startup_stm32f10x_hd.o(.text)
    FLASH_IRQHandler                         0x0800015f   Thumb Code     0  startup_stm32f10x_hd.o(.text)
    FSMC_IRQHandler                          0x0800015f   Thumb Code     0  startup_stm32f10x_hd.o(.text)
    I2C1_ER_IRQHandler                       0x0800015f   Thumb Code     0  startup_stm32f10x_hd.o(.text)
    I2C1_EV_IRQHandler                       0x0800015f   Thumb Code     0  startup_stm32f10x_hd.o(.text)
    I2C2_ER_IRQHandler                       0x0800015f   Thumb Code     0  startup_stm32f10x_hd.o(.text)
    I2C2_EV_IRQHandler                       0x0800015f   Thumb Code     0  startup_stm32f10x_hd.o(.text)
    PVD_IRQHandler                           0x0800015f   Thumb Code     0  startup_stm32f10x_hd.o(.text)
    RCC_IRQHandler                           0x0800015f   Thumb Code     0  startup_stm32f10x_hd.o(.text)
    RTCAlarm_IRQHandler                      0x0800015f   Thumb Code     0  startup_stm32f10x_hd.o(.text)
    RTC_IRQHandler                           0x0800015f   Thumb Code     0  startup_stm32f10x_hd.o(.text)
    SDIO_IRQHandler                          0x0800015f   Thumb Code     0  startup_stm32f10x_hd.o(.text)
    SPI1_IRQHandler                          0x0800015f   Thumb Code     0  startup_stm32f10x_hd.o(.text)
    SPI2_IRQHandler                          0x0800015f   Thumb Code     0  startup_stm32f10x_hd.o(.text)
    SPI3_IRQHandler                          0x0800015f   Thumb Code     0  startup_stm32f10x_hd.o(.text)
    TAMPER_IRQHandler                        0x0800015f   Thumb Code     0  startup_stm32f10x_hd.o(.text)
    TIM1_BRK_IRQHandler                      0x0800015f   Thumb Code     0  startup_stm32f10x_hd.o(.text)
    TIM1_CC_IRQHandler                       0x0800015f   Thumb Code     0  startup_stm32f10x_hd.o(.text)
    TIM1_TRG_COM_IRQHandler                  0x0800015f   Thumb Code     0  startup_stm32f10x_hd.o(.text)
    TIM1_UP_IRQHandler                       0x0800015f   Thumb Code     0  startup_stm32f10x_hd.o(.text)
    TIM2_IRQHandler                          0x0800015f   Thumb Code     0  startup_stm32f10x_hd.o(.text)
    TIM3_IRQHandler                          0x0800015f   Thumb Code     0  startup_stm32f10x_hd.o(.text)
    TIM6_IRQHandler                          0x0800015f   Thumb Code     0  startup_stm32f10x_hd.o(.text)
    TIM7_IRQHandler                          0x0800015f   Thumb Code     0  startup_stm32f10x_hd.o(.text)
    TIM8_BRK_IRQHandler                      0x0800015f   Thumb Code     0  startup_stm32f10x_hd.o(.text)
    TIM8_CC_IRQHandler                       0x0800015f   Thumb Code     0  startup_stm32f10x_hd.o(.text)
    TIM8_TRG_COM_IRQHandler                  0x0800015f   Thumb Code     0  startup_stm32f10x_hd.o(.text)
    TIM8_UP_IRQHandler                       0x0800015f   Thumb Code     0  startup_stm32f10x_hd.o(.text)
    UART4_IRQHandler                         0x0800015f   Thumb Code     0  startup_stm32f10x_hd.o(.text)
    UART5_IRQHandler                         0x0800015f   Thumb Code     0  startup_stm32f10x_hd.o(.text)
    USART2_IRQHandler                        0x0800015f   Thumb Code     0  startup_stm32f10x_hd.o(.text)
    USBWakeUp_IRQHandler                     0x0800015f   Thumb Code     0  startup_stm32f10x_hd.o(.text)
    USB_HP_CAN1_TX_IRQHandler                0x0800015f   Thumb Code     0  startup_stm32f10x_hd.o(.text)
    USB_LP_CAN1_RX0_IRQHandler               0x0800015f   Thumb Code     0  startup_stm32f10x_hd.o(.text)
    WWDG_IRQHandler                          0x0800015f   Thumb Code     0  startup_stm32f10x_hd.o(.text)
    __aeabi_memcpy                           0x08000169   Thumb Code    36  memcpya.o(.text)
    __aeabi_memcpy4                          0x08000169   Thumb Code     0  memcpya.o(.text)
    __aeabi_memcpy8                          0x08000169   Thumb Code     0  memcpya.o(.text)
    __aeabi_memset                           0x0800018d   Thumb Code    14  memseta.o(.text)
    __aeabi_memset4                          0x0800018d   Thumb Code     0  memseta.o(.text)
    __aeabi_memset8                          0x0800018d   Thumb Code     0  memseta.o(.text)
    __aeabi_memclr                           0x0800019b   Thumb Code     4  memseta.o(.text)
    __aeabi_memclr4                          0x0800019b   Thumb Code     0  memseta.o(.text)
    __aeabi_memclr8                          0x0800019b   Thumb Code     0  memseta.o(.text)
    _memset$wrapper                          0x0800019f   Thumb Code    18  memseta.o(.text)
    strstr                                   0x080001b1   Thumb Code    36  strstr.o(.text)
    strlen                                   0x080001d5   Thumb Code    14  strlen.o(.text)
    strcpy                                   0x080001e3   Thumb Code    18  strcpy.o(.text)
    __aeabi_fadd                             0x080001f5   Thumb Code   164  fadd.o(.text)
    __aeabi_fsub                             0x08000299   Thumb Code     6  fadd.o(.text)
    __aeabi_frsub                            0x0800029f   Thumb Code     6  fadd.o(.text)
    __aeabi_fmul                             0x080002a5   Thumb Code   100  fmul.o(.text)
    __aeabi_fdiv                             0x08000309   Thumb Code   124  fdiv.o(.text)
    __aeabi_dadd                             0x08000385   Thumb Code   322  dadd.o(.text)
    __aeabi_dsub                             0x080004c7   Thumb Code     6  dadd.o(.text)
    __aeabi_drsub                            0x080004cd   Thumb Code     6  dadd.o(.text)
    __aeabi_dmul                             0x080004d3   Thumb Code   228  dmul.o(.text)
    __aeabi_ddiv                             0x080005b7   Thumb Code   222  ddiv.o(.text)
    __aeabi_i2f                              0x08000695   Thumb Code    18  fflti.o(.text)
    __aeabi_i2d                              0x080006a7   Thumb Code    34  dflti.o(.text)
    __aeabi_f2iz                             0x080006c9   Thumb Code    50  ffixi.o(.text)
    __aeabi_d2f                              0x080006fb   Thumb Code    56  d2f.o(.text)
    __aeabi_cfcmpeq                          0x08000735   Thumb Code     0  cfcmple.o(.text)
    __aeabi_cfcmple                          0x08000735   Thumb Code    20  cfcmple.o(.text)
    __aeabi_cfrcmple                         0x08000749   Thumb Code    20  cfrcmple.o(.text)
    __aeabi_uidiv                            0x0800075d   Thumb Code     0  uidiv.o(.text)
    __aeabi_uidivmod                         0x0800075d   Thumb Code    44  uidiv.o(.text)
    __aeabi_uldivmod                         0x08000789   Thumb Code    98  uldiv.o(.text)
    __aeabi_llsl                             0x080007eb   Thumb Code    30  llshl.o(.text)
    _ll_shift_l                              0x080007eb   Thumb Code     0  llshl.o(.text)
    __aeabi_lasr                             0x08000809   Thumb Code    36  llsshr.o(.text)
    _ll_sshift_r                             0x08000809   Thumb Code     0  llsshr.o(.text)
    __I$use$fp                               0x0800082d   Thumb Code     0  iusefp.o(.text)
    _float_round                             0x0800082d   Thumb Code    18  fepilogue.o(.text)
    _float_epilogue                          0x0800083f   Thumb Code    92  fepilogue.o(.text)
    _double_round                            0x0800089b   Thumb Code    30  depilogue.o(.text)
    _double_epilogue                         0x080008b9   Thumb Code   156  depilogue.o(.text)
    __aeabi_d2ulz                            0x08000955   Thumb Code    48  dfixul.o(.text)
    __aeabi_cdrcmple                         0x08000985   Thumb Code    48  cdrcmple.o(.text)
    __scatterload                            0x080009b5   Thumb Code    28  init.o(.text)
    __scatterload_rt2                        0x080009b5   Thumb Code     0  init.o(.text)
    __aeabi_llsr                             0x080009d9   Thumb Code    32  llushr.o(.text)
    _ll_ushift_r                             0x080009d9   Thumb Code     0  llushr.o(.text)
    __decompress                             0x080009f9   Thumb Code     0  __dczerorl2.o(.text)
    __decompress1                            0x080009f9   Thumb Code    86  __dczerorl2.o(.text)
    BEEP_Init                                0x08000a51   Thumb Code    50  beep.o(i.BEEP_Init)
    BusFault_Handler                         0x08000a89   Thumb Code     4  stm32f10x_it.o(i.BusFault_Handler)
    DMA_Cmd                                  0x08000a8d   Thumb Code    24  stm32f10x_dma.o(i.DMA_Cmd)
    DMA_Init                                 0x08000aa5   Thumb Code    60  stm32f10x_dma.o(i.DMA_Init)
    DMA_ReStart                              0x08000ae1   Thumb Code    74  dma.o(i.DMA_ReStart)
    DMA_Start                                0x08000b35   Thumb Code   134  dma.o(i.DMA_Start)
    DebugMon_Handler                         0x08000bc5   Thumb Code     2  stm32f10x_it.o(i.DebugMon_Handler)
    ESP8266_MQTTCONNECT                      0x08000bc9   Thumb Code    50  esp8266.o(i.ESP8266_MQTTCONNECT)
    ESP8266_STAMODE                          0x08000c09   Thumb Code    50  esp8266.o(i.ESP8266_STAMODE)
    ESP8266_Sendcondition                    0x08000c49   Thumb Code    22  esp8266.o(i.ESP8266_Sendcondition)
    ESP8266_Setup                            0x08000c65   Thumb Code   186  esp8266.o(i.ESP8266_Setup)
    ESP8266_Test                             0x08000db5   Thumb Code    50  esp8266.o(i.ESP8266_Test)
    ESP8266_recall                           0x08000df5   Thumb Code    14  esp8266.o(i.ESP8266_recall)
    GPIO_Init                                0x08000e35   Thumb Code   278  stm32f10x_gpio.o(i.GPIO_Init)
    GPIO_PinRemapConfig                      0x08000f4d   Thumb Code   138  stm32f10x_gpio.o(i.GPIO_PinRemapConfig)
    GPIO_ReadInputDataBit                    0x08000fdd   Thumb Code    18  stm32f10x_gpio.o(i.GPIO_ReadInputDataBit)
    GPIO_ResetBits                           0x08000fef   Thumb Code     4  stm32f10x_gpio.o(i.GPIO_ResetBits)
    GPIO_SetBits                             0x08000ff3   Thumb Code     4  stm32f10x_gpio.o(i.GPIO_SetBits)
    GPIO_WriteBit                            0x08000ff7   Thumb Code    10  stm32f10x_gpio.o(i.GPIO_WriteBit)
    HardFault_Handler                        0x08001001   Thumb Code     4  stm32f10x_it.o(i.HardFault_Handler)
    KEY_Init                                 0x08001005   Thumb Code    52  key.o(i.KEY_Init)
    KEY_Scan                                 0x08001041   Thumb Code   150  key.o(i.KEY_Scan)
    LED_Init                                 0x080010e5   Thumb Code    68  led.o(i.LED_Init)
    MPU_Get_Accelerometer                    0x08001131   Thumb Code    80  mpu6050.o(i.MPU_Get_Accelerometer)
    MPU_Get_Gyroscope                        0x08001181   Thumb Code    80  mpu6050.o(i.MPU_Get_Gyroscope)
    MPU_Get_Temperature                      0x080011d1   Thumb Code    86  mpu6050.o(i.MPU_Get_Temperature)
    MPU_IIC_Ack                              0x08001239   Thumb Code    62  mpuiic.o(i.MPU_IIC_Ack)
    MPU_IIC_Delay                            0x08001285   Thumb Code    10  mpuiic.o(i.MPU_IIC_Delay)
    MPU_IIC_Init                             0x08001291   Thumb Code    50  mpuiic.o(i.MPU_IIC_Init)
    MPU_IIC_NAck                             0x080012c9   Thumb Code    62  mpuiic.o(i.MPU_IIC_NAck)
    MPU_IIC_Read_Byte                        0x08001315   Thumb Code    94  mpuiic.o(i.MPU_IIC_Read_Byte)
    MPU_IIC_Send_Byte                        0x08001381   Thumb Code    80  mpuiic.o(i.MPU_IIC_Send_Byte)
    MPU_IIC_Start                            0x080013dd   Thumb Code    60  mpuiic.o(i.MPU_IIC_Start)
    MPU_IIC_Stop                             0x08001425   Thumb Code    58  mpuiic.o(i.MPU_IIC_Stop)
    MPU_IIC_Wait_Ack                         0x0800146d   Thumb Code    86  mpuiic.o(i.MPU_IIC_Wait_Ack)
    MPU_Init                                 0x080014d1   Thumb Code   180  mpu6050.o(i.MPU_Init)
    MPU_Read_Byte                            0x08001591   Thumb Code    58  mpu6050.o(i.MPU_Read_Byte)
    MPU_Read_Len                             0x080015cb   Thumb Code   116  mpu6050.o(i.MPU_Read_Len)
    MPU_Set_Accel_Fsr                        0x0800163f   Thumb Code    16  mpu6050.o(i.MPU_Set_Accel_Fsr)
    MPU_Set_Gyro_Fsr                         0x0800164f   Thumb Code    16  mpu6050.o(i.MPU_Set_Gyro_Fsr)
    MPU_Set_LPF                              0x0800165f   Thumb Code    58  mpu6050.o(i.MPU_Set_LPF)
    MPU_Set_Rate                             0x08001699   Thumb Code    58  mpu6050.o(i.MPU_Set_Rate)
    MPU_Write_Byte                           0x080016d3   Thumb Code    68  mpu6050.o(i.MPU_Write_Byte)
    MemManage_Handler                        0x08001717   Thumb Code     4  stm32f10x_it.o(i.MemManage_Handler)
    NMI_Handler                              0x0800171b   Thumb Code     2  stm32f10x_it.o(i.NMI_Handler)
    NVIC_Init                                0x0800171d   Thumb Code   100  misc.o(i.NVIC_Init)
    NVIC_PriorityGroupConfig                 0x0800178d   Thumb Code    10  misc.o(i.NVIC_PriorityGroupConfig)
    OLED_Clear                               0x080017a1   Thumb Code    42  oled1.o(i.OLED_Clear)
    OLED_DrawPoint                           0x080017d1   Thumb Code   100  oled1.o(i.OLED_DrawPoint)
    OLED_I2C_Init                            0x08001839   Thumb Code    72  oled1.o(i.OLED_I2C_Init)
    OLED_I2C_SendByte                        0x08001885   Thumb Code    74  oled1.o(i.OLED_I2C_SendByte)
    OLED_I2C_Start                           0x080018d5   Thumb Code    44  oled1.o(i.OLED_I2C_Start)
    OLED_I2C_Stop                            0x08001905   Thumb Code    34  oled1.o(i.OLED_I2C_Stop)
    OLED_Init                                0x0800192d   Thumb Code   174  oled1.o(i.OLED_Init)
    OLED_Judge                               0x080019dd   Thumb Code    76  oled1.o(i.OLED_Judge)
    OLED_Opposite                            0x08001a2d   Thumb Code   140  oled1.o(i.OLED_Opposite)
    OLED_Refresh_Gram                        0x08001abd   Thumb Code    62  oled1.o(i.OLED_Refresh_Gram)
    OLED_ShowChar                            0x08001b01   Thumb Code   254  oled1.o(i.OLED_ShowChar)
    OLED_ShowGraph                           0x08001c0d   Thumb Code   168  oled1.o(i.OLED_ShowGraph)
    OLED_ShowNum                             0x08001cc9   Thumb Code   148  oled1.o(i.OLED_ShowNum)
    OLED_ShowString                          0x08001d5d   Thumb Code    94  oled1.o(i.OLED_ShowString)
    OLED_Show_ChineseChar                    0x08001dbd   Thumb Code   208  oled1.o(i.OLED_Show_ChineseChar)
    OLED_Show_ChineseString                  0x08001e95   Thumb Code    74  oled1.o(i.OLED_Show_ChineseString)
    OLED_WriteCommand                        0x08001edf   Thumb Code    32  oled1.o(i.OLED_WriteCommand)
    OLED_WriteData                           0x08001eff   Thumb Code    32  oled1.o(i.OLED_WriteData)
    PendSV_Handler                           0x08001f1f   Thumb Code     2  stm32f10x_it.o(i.PendSV_Handler)
    RCC_AHBPeriphClockCmd                    0x08001f21   Thumb Code    26  stm32f10x_rcc.o(i.RCC_AHBPeriphClockCmd)
    RCC_APB1PeriphClockCmd                   0x08001f41   Thumb Code    26  stm32f10x_rcc.o(i.RCC_APB1PeriphClockCmd)
    RCC_APB2PeriphClockCmd                   0x08001f61   Thumb Code    26  stm32f10x_rcc.o(i.RCC_APB2PeriphClockCmd)
    RCC_GetClocksFreq                        0x08001f81   Thumb Code   192  stm32f10x_rcc.o(i.RCC_GetClocksFreq)
    SVC_Handler                              0x08002055   Thumb Code     2  stm32f10x_it.o(i.SVC_Handler)
    Serial_SendMessage                       0x08002057   Thumb Code   132  usart.o(i.Serial_SendMessage)
    Serial_SendString                        0x080020dd   Thumb Code   124  usart.o(i.Serial_SendString)
    SysTick_CLKSourceConfig                  0x08002245   Thumb Code    40  misc.o(i.SysTick_CLKSourceConfig)
    SysTick_Handler                          0x0800226d   Thumb Code     2  stm32f10x_it.o(i.SysTick_Handler)
    SystemInit                               0x08002271   Thumb Code    78  system_stm32f10x.o(i.SystemInit)
    TIM3_PWM_Init                            0x080022d1   Thumb Code   130  timer.o(i.TIM3_PWM_Init)
    TIM4_IRQHandler                          0x08002361   Thumb Code    46  usmart.o(i.TIM4_IRQHandler)
    TIM5_IRQHandler                          0x08002399   Thumb Code   160  main.o(i.TIM5_IRQHandler)
    TIM5_Init                                0x08002471   Thumb Code    92  timer.o(i.TIM5_Init)
    TIM_ClearFlag                            0x080024d1   Thumb Code     6  stm32f10x_tim.o(i.TIM_ClearFlag)
    TIM_ClearITPendingBit                    0x080024d7   Thumb Code     6  stm32f10x_tim.o(i.TIM_ClearITPendingBit)
    TIM_Cmd                                  0x080024dd   Thumb Code    24  stm32f10x_tim.o(i.TIM_Cmd)
    TIM_GetCounter                           0x080024f5   Thumb Code     6  stm32f10x_tim.o(i.TIM_GetCounter)
    TIM_GetFlagStatus                        0x080024fb   Thumb Code    18  stm32f10x_tim.o(i.TIM_GetFlagStatus)
    TIM_GetITStatus                          0x0800250d   Thumb Code    34  stm32f10x_tim.o(i.TIM_GetITStatus)
    TIM_ITConfig                             0x0800252f   Thumb Code    18  stm32f10x_tim.o(i.TIM_ITConfig)
    TIM_OC2Init                              0x08002541   Thumb Code   154  stm32f10x_tim.o(i.TIM_OC2Init)
    TIM_OC2PreloadConfig                     0x080025e5   Thumb Code    26  stm32f10x_tim.o(i.TIM_OC2PreloadConfig)
    TIM_SetAutoreload                        0x080025ff   Thumb Code     4  stm32f10x_tim.o(i.TIM_SetAutoreload)
    TIM_SetCompare2                          0x08002603   Thumb Code     4  stm32f10x_tim.o(i.TIM_SetCompare2)
    TIM_SetCounter                           0x08002607   Thumb Code     4  stm32f10x_tim.o(i.TIM_SetCounter)
    TIM_TimeBaseInit                         0x0800260d   Thumb Code   122  stm32f10x_tim.o(i.TIM_TimeBaseInit)
    TTSPlay                                  0x080026b1   Thumb Code   312  syn6288.o(i.TTSPlay)
    Timer4_Init                              0x080027e9   Thumb Code    88  usmart.o(i.Timer4_Init)
    UART2_SendByte                           0x08002845   Thumb Code    28  usart.o(i.UART2_SendByte)
    UART_init                                0x08002865   Thumb Code    28  usart.o(i.UART_init)
    USART1_IRQHandler                        0x08002881   Thumb Code   106  usart.o(i.USART1_IRQHandler)
    USART3_IRQHandler                        0x08002901   Thumb Code   220  usart.o(i.USART3_IRQHandler)
    USART_ClearITPendingBit                  0x080029f1   Thumb Code    30  stm32f10x_usart.o(i.USART_ClearITPendingBit)
    USART_Cmd                                0x08002a0f   Thumb Code    24  stm32f10x_usart.o(i.USART_Cmd)
    USART_DMACmd                             0x08002a27   Thumb Code    18  stm32f10x_usart.o(i.USART_DMACmd)
    USART_GetFlagStatus                      0x08002a39   Thumb Code    26  stm32f10x_usart.o(i.USART_GetFlagStatus)
    USART_GetITStatus                        0x08002a53   Thumb Code    84  stm32f10x_usart.o(i.USART_GetITStatus)
    USART_ITConfig                           0x08002aa7   Thumb Code    74  stm32f10x_usart.o(i.USART_ITConfig)
    USART_Init                               0x08002af1   Thumb Code   210  stm32f10x_usart.o(i.USART_Init)
    USART_ReceiveData                        0x08002bc9   Thumb Code    10  stm32f10x_usart.o(i.USART_ReceiveData)
    USART_SendData                           0x08002bd3   Thumb Code     8  stm32f10x_usart.o(i.USART_SendData)
    UTFchange                                0x08002bdb   Thumb Code   290  syn6288.o(i.UTFchange)
    UsageFault_Handler                       0x08002cfd   Thumb Code     4  stm32f10x_it.o(i.UsageFault_Handler)
    __0printf                                0x08002d01   Thumb Code    22  printfa.o(i.__0printf)
    __1printf                                0x08002d01   Thumb Code     0  printfa.o(i.__0printf)
    __2printf$full                           0x08002d01   Thumb Code     0  printfa.o(i.__0printf)
    __c89printf                              0x08002d01   Thumb Code     0  printfa.o(i.__0printf)
    printf                                   0x08002d01   Thumb Code     0  printfa.o(i.__0printf)
    __0printf$8                              0x08002d21   Thumb Code    22  printf8.o(i.__0printf$8)
    __1printf$8                              0x08002d21   Thumb Code     0  printf8.o(i.__0printf$8)
    __2printf                                0x08002d21   Thumb Code     0  printf8.o(i.__0printf$8)
    __scatterload_copy                       0x08002d41   Thumb Code    14  handlers.o(i.__scatterload_copy)
    __scatterload_null                       0x08002d4f   Thumb Code     2  handlers.o(i.__scatterload_null)
    __scatterload_zeroinit                   0x08002d51   Thumb Code    14  handlers.o(i.__scatterload_zeroinit)
    choice                                   0x08003a75   Thumb Code   706  main.o(i.choice)
    clrStruct                                0x08003d6d   Thumb Code    72  usart.o(i.clrStruct)
    delay_init                               0x08003db9   Thumb Code    50  delay.o(i.delay_init)
    delay_ms                                 0x08003dfd   Thumb Code    72  delay.o(i.delay_ms)
    delay_s                                  0x08003e49   Thumb Code    24  delay.o(i.delay_s)
    delay_us                                 0x08003e61   Thumb Code    72  delay.o(i.delay_us)
    errorLog                                 0x08003ead   Thumb Code    14  main.o(i.errorLog)
    fputc                                    0x08003ec9   Thumb Code    24  usart.o(i.fputc)
    free                                     0x08003ee5   Thumb Code    76  malloc.o(i.free)
    home                                     0x08003f35   Thumb Code   130  main.o(i.home)
    home1                                    0x08003fe9   Thumb Code   908  main.o(i.home1)
    key_set                                  0x080043b1   Thumb Code   176  main.o(i.key_set)
    main                                     0x08004471   Thumb Code   706  main.o(i.main)
    malloc                                   0x080047a1   Thumb Code    92  malloc.o(i.malloc)
    mypow                                    0x0800480d   Thumb Code    22  oled1.o(i.mypow)
    parseGpsBuffer                           0x08004825   Thumb Code   516  main.o(i.parseGpsBuffer)
    phone                                    0x08004a4d   Thumb Code   130  main.o(i.phone)
    phone1                                   0x08004b01   Thumb Code   612  main.o(i.phone1)
    printGpsBuffer                           0x08004d9d   Thumb Code   726  main.o(i.printGpsBuffer)
    read_addr                                0x080050b9   Thumb Code     6  usmart.o(i.read_addr)
    set_member                               0x080050c1   Thumb Code   130  main.o(i.set_member)
    set_member1                              0x08005175   Thumb Code   256  main.o(i.set_member1)
    uart2_init                               0x080052a1   Thumb Code    96  usart.o(i.uart2_init)
    uart3_init                               0x08005309   Thumb Code   168  usart.o(i.uart3_init)
    uart_init                                0x080053bd   Thumb Code   152  usart.o(i.uart_init)
    usmart_cmd_rec                           0x0800545d   Thumb Code   170  usmart.o(i.usmart_cmd_rec)
    usmart_exe                               0x0800550d   Thumb Code   632  usmart.o(i.usmart_exe)
    usmart_get_aparm                         0x080057e1   Thumb Code   200  usmart_str.o(i.usmart_get_aparm)
    usmart_get_cmdname                       0x080058a9   Thumb Code    54  usmart_str.o(i.usmart_get_cmdname)
    usmart_get_fname                         0x080058e1   Thumb Code   440  usmart_str.o(i.usmart_get_fname)
    usmart_get_fparam                        0x08005aa1   Thumb Code   262  usmart_str.o(i.usmart_get_fparam)
    usmart_get_parmpos                       0x08005bad   Thumb Code    26  usmart_str.o(i.usmart_get_parmpos)
    usmart_get_runtime                       0x08005bcd   Thumb Code    60  usmart.o(i.usmart_get_runtime)
    usmart_init                              0x08005c11   Thumb Code    36  usmart.o(i.usmart_init)
    usmart_pow                               0x08005c39   Thumb Code    22  usmart_str.o(i.usmart_pow)
    usmart_reset_runtime                     0x08005c51   Thumb Code    38  usmart.o(i.usmart_reset_runtime)
    usmart_scan                              0x08005c81   Thumb Code   120  usmart.o(i.usmart_scan)
    usmart_search_nextc                      0x08005d3d   Thumb Code    22  usmart_str.o(i.usmart_search_nextc)
    usmart_str2num                           0x08005d53   Thumb Code   202  usmart_str.o(i.usmart_str2num)
    usmart_strcmp                            0x08005e1d   Thumb Code    34  usmart_str.o(i.usmart_strcmp)
    usmart_strcopy                           0x08005e3f   Thumb Code    22  usmart_str.o(i.usmart_strcopy)
    usmart_strlen                            0x08005e55   Thumb Code    24  usmart_str.o(i.usmart_strlen)
    usmart_sys_cmd_exe                       0x08005e6d   Thumb Code  1554  usmart.o(i.usmart_sys_cmd_exe)
    weather                                  0x08006551   Thumb Code   130  main.o(i.weather)
    weather1                                 0x08006605   Thumb Code   550  main.o(i.weather1)
    write_addr                               0x08006859   Thumb Code     4  usmart.o(i.write_addr)
    asc2_1206                                0x0800685c   Data        1140  oled1.o(.constdata)
    asc2_1608                                0x08006cd0   Data        1520  oled1.o(.constdata)
    asc2_2412                                0x080072c0   Data        3420  oled1.o(.constdata)
    Chinese_16                               0x0800801c   Data        1312  oled1.o(.constdata)
    Chinese_24                               0x0800853c   Data         216  oled1.o(.constdata)
    Graph1                                   0x08008614   Data         156  oled1.o(.constdata)
    Graph2                                   0x080086b0   Data        1024  oled1.o(.constdata)
    Graph3                                   0x08008ab0   Data         128  oled1.o(.constdata)
    Graph4                                   0x08008b30   Data         156  oled1.o(.constdata)
    Graph5                                   0x08008bcc   Data         180  oled1.o(.constdata)
    Region$$Table$$Base                      0x08008e40   Number         0  anon$$obj.o(Region$$Table)
    Region$$Table$$Limit                     0x08008e60   Number         0  anon$$obj.o(Region$$Table)
    Chinese_str1                             0x20000000   Data           4  main.o(.data)
    Chinese_str2                             0x20000004   Data           4  main.o(.data)
    Chinese_str3                             0x20000008   Data           3  main.o(.data)
    Chinese_str4                             0x2000000b   Data           3  main.o(.data)
    Chinese_str5                             0x2000000e   Data           3  main.o(.data)
    Chinese_str6                             0x20000011   Data           4  main.o(.data)
    Chinese_str7                             0x20000015   Data           5  main.o(.data)
    Chinese_str8                             0x2000001a   Data           5  main.o(.data)
    Chinese_str9                             0x2000001f   Data           5  main.o(.data)
    index_num                                0x20000024   Data           1  main.o(.data)
    flag_opposite                            0x20000025   Data           1  main.o(.data)
    flag_phone1_show                         0x20000026   Data           1  main.o(.data)
    flag_home1_show                          0x20000027   Data           1  main.o(.data)
    flag_choice_pre                          0x20000028   Data           1  main.o(.data)
    member_called                            0x20000029   Data           1  main.o(.data)
    light_level                              0x2000002a   Data           1  main.o(.data)
    history_cnt                              0x2000002b   Data           1  main.o(.data)
    history_flag                             0x2000002c   Data           1  main.o(.data)
    history_exceed                           0x2000002d   Data           1  main.o(.data)
    history_member                           0x2000002e   Data           4  main.o(.data)
    loudness                                 0x20000032   Data           1  main.o(.data)
    useful_flag                              0x20000033   Data           1  main.o(.data)
    pwn_num                                  0x20000034   Data           1  main.o(.data)
    t                                        0x20000035   Data           1  main.o(.data)
    mode_report                              0x20000036   Data           1  main.o(.data)
    key                                      0x20000037   Data           1  main.o(.data)
    flag_report                              0x20000038   Data           1  main.o(.data)
    report                                   0x20000039   Data           1  main.o(.data)
    gps_report                               0x2000003a   Data           1  main.o(.data)
    timer_flag                               0x2000003b   Data           1  main.o(.data)
    first_flag                               0x2000003c   Data           1  main.o(.data)
    time_cnt                                 0x2000003d   Data           1  main.o(.data)
    fall_flag                                0x20000040   Data           4  main.o(.data)
    pitch                                    0x20000044   Data           4  main.o(.data)
    roll                                     0x20000048   Data           4  main.o(.data)
    yaw                                      0x2000004c   Data           4  main.o(.data)
    aacx                                     0x20000050   Data           2  main.o(.data)
    aacy                                     0x20000052   Data           2  main.o(.data)
    aacz                                     0x20000054   Data           2  main.o(.data)
    aacx_pre                                 0x20000058   Data           4  main.o(.data)
    aacx_cur                                 0x2000005c   Data           4  main.o(.data)
    aacy_pre                                 0x20000060   Data           4  main.o(.data)
    aacy_cur                                 0x20000064   Data           4  main.o(.data)
    aacz_pre                                 0x20000068   Data           4  main.o(.data)
    aacz_cur                                 0x2000006c   Data           4  main.o(.data)
    gyrox                                    0x20000070   Data           2  main.o(.data)
    gyroy                                    0x20000072   Data           2  main.o(.data)
    gyroz                                    0x20000074   Data           2  main.o(.data)
    temp                                     0x20000076   Data           2  main.o(.data)
    cnt_wait                                 0x20000078   Data           2  main.o(.data)
    Weixingnum                               0x2000007a   Data           3  main.o(.data)
    Xinhao                                   0x2000007d   Data           3  main.o(.data)
    number1                                  0x20000080   Data           6  main.o(.data)
    number2                                  0x20000086   Data           6  main.o(.data)
    number3                                  0x2000008c   Data           6  main.o(.data)
    table                                    0x20000094   Data         108  main.o(.data)
    SystemCoreClock                          0x20000104   Data           4  system_stm32f10x.o(.data)
    AHBPrescTable                            0x20000108   Data          16  system_stm32f10x.o(.data)
    i                                        0x2000011a   Data           2  esp8266.o(.data)
    AT_TEST                                  0x2000011c   Data           3  esp8266.o(.data)
    AT_StaMode                               0x2000011f   Data          12  esp8266.o(.data)
    AT_MQTTCONNECT                           0x2000012b   Data          38  esp8266.o(.data)
    rxdatabufer                              0x20000158   Data           1  usart.o(.data)
    point1                                   0x2000015a   Data           2  usart.o(.data)
    countA                                   0x2000015c   Data           1  usart.o(.data)
    DMASign                                  0x2000015d   Data           1  usart.o(.data)
    __stdout                                 0x20000160   Data           4  usart.o(.data)
    USART_RX_STA                             0x20000164   Data           2  usart.o(.data)
    sys_cmd_tab                              0x20000168   Data          28  usmart.o(.data)
    usmart_nametab                           0x20000184   Data          56  usmart_config.o(.data)
    usmart_dev                               0x200001bc   Data         244  usmart_config.o(.data)
    __microlib_freelist                      0x200002c4   Data           4  mvars.o(.data)
    __microlib_freelist_initialised          0x200002c8   Data           4  mvars.o(.data)
    history_time                             0x200002cc   Data          24  main.o(.bss)
    Time                                     0x200002e4   Data           9  main.o(.bss)
    Latitude                                 0x200002ed   Data          12  main.o(.bss)
    Longitude                                0x200002f9   Data          13  main.o(.bss)
    OLED_GRAM                                0x20000306   Data        1024  oled1.o(.bss)
    broadcast                                0x20000706   Data         128  syn6288.o(.bss)
    Save_Data                                0x20000786   Data         121  usart.o(.bss)
    Save_Data1                               0x200007ff   Data          92  usart.o(.bss)
    Receive_Buff                             0x2000085b   Data         256  usart.o(.bss)
    USART_RX_BUF                             0x2000095b   Data         200  usart.o(.bss)
    USART_RX_BUF3                            0x20000a23   Data         200  usart.o(.bss)
    __heap_base                              0x20000af0   Data           0  startup_stm32f10x_hd.o(HEAP)
    __heap_limit                             0x20000cf0   Data           0  startup_stm32f10x_hd.o(HEAP)
    __initial_sp                             0x200010f0   Data           0  startup_stm32f10x_hd.o(STACK)



==============================================================================

Memory Map of the image

  Image Entry point : 0x08000145

  Load Region LR_1 (Base: 0x08000000, Size: 0x0000912c, Max: 0xffffffff, ABSOLUTE, COMPRESSED[0x00008f98])

    Execution Region ER_RO (Exec base: 0x08000000, Load base: 0x08000000, Size: 0x00008e60, Max: 0xffffffff, ABSOLUTE)

    Exec Addr    Load Addr    Size         Type   Attr      Idx    E Section Name        Object

    0x08000000   0x08000000   0x00000130   Data   RO         1705    RESET               startup_stm32f10x_hd.o
    0x08000130   0x08000130   0x00000000   Code   RO         3022  * .ARM.Collect$$$$00000000  mc_w.l(entry.o)
    0x08000130   0x08000130   0x00000004   Code   RO         3397    .ARM.Collect$$$$00000001  mc_w.l(entry2.o)
    0x08000134   0x08000134   0x00000004   Code   RO         3400    .ARM.Collect$$$$00000004  mc_w.l(entry5.o)
    0x08000138   0x08000138   0x00000000   Code   RO         3402    .ARM.Collect$$$$00000008  mc_w.l(entry7b.o)
    0x08000138   0x08000138   0x00000000   Code   RO         3404    .ARM.Collect$$$$0000000A  mc_w.l(entry8b.o)
    0x08000138   0x08000138   0x00000008   Code   RO         3405    .ARM.Collect$$$$0000000B  mc_w.l(entry9a.o)
    0x08000140   0x08000140   0x00000000   Code   RO         3407    .ARM.Collect$$$$0000000D  mc_w.l(entry10a.o)
    0x08000140   0x08000140   0x00000000   Code   RO         3409    .ARM.Collect$$$$0000000F  mc_w.l(entry11a.o)
    0x08000140   0x08000140   0x00000004   Code   RO         3398    .ARM.Collect$$$$00002712  mc_w.l(entry2.o)
    0x08000144   0x08000144   0x00000024   Code   RO         1706  * .text               startup_stm32f10x_hd.o
    0x08000168   0x08000168   0x00000024   Code   RO         3027    .text               mc_w.l(memcpya.o)
    0x0800018c   0x0800018c   0x00000024   Code   RO         3029    .text               mc_w.l(memseta.o)
    0x080001b0   0x080001b0   0x00000024   Code   RO         3031    .text               mc_w.l(strstr.o)
    0x080001d4   0x080001d4   0x0000000e   Code   RO         3033    .text               mc_w.l(strlen.o)
    0x080001e2   0x080001e2   0x00000012   Code   RO         3037    .text               mc_w.l(strcpy.o)
    0x080001f4   0x080001f4   0x000000b0   Code   RO         3330    .text               mf_w.l(fadd.o)
    0x080002a4   0x080002a4   0x00000064   Code   RO         3332    .text               mf_w.l(fmul.o)
    0x08000308   0x08000308   0x0000007c   Code   RO         3334    .text               mf_w.l(fdiv.o)
    0x08000384   0x08000384   0x0000014e   Code   RO         3336    .text               mf_w.l(dadd.o)
    0x080004d2   0x080004d2   0x000000e4   Code   RO         3338    .text               mf_w.l(dmul.o)
    0x080005b6   0x080005b6   0x000000de   Code   RO         3340    .text               mf_w.l(ddiv.o)
    0x08000694   0x08000694   0x00000012   Code   RO         3342    .text               mf_w.l(fflti.o)
    0x080006a6   0x080006a6   0x00000022   Code   RO         3346    .text               mf_w.l(dflti.o)
    0x080006c8   0x080006c8   0x00000032   Code   RO         3348    .text               mf_w.l(ffixi.o)
    0x080006fa   0x080006fa   0x00000038   Code   RO         3354    .text               mf_w.l(d2f.o)
    0x08000732   0x08000732   0x00000002   PAD
    0x08000734   0x08000734   0x00000014   Code   RO         3356    .text               mf_w.l(cfcmple.o)
    0x08000748   0x08000748   0x00000014   Code   RO         3358    .text               mf_w.l(cfrcmple.o)
    0x0800075c   0x0800075c   0x0000002c   Code   RO         3411    .text               mc_w.l(uidiv.o)
    0x08000788   0x08000788   0x00000062   Code   RO         3413    .text               mc_w.l(uldiv.o)
    0x080007ea   0x080007ea   0x0000001e   Code   RO         3415    .text               mc_w.l(llshl.o)
    0x08000808   0x08000808   0x00000024   Code   RO         3417    .text               mc_w.l(llsshr.o)
    0x0800082c   0x0800082c   0x00000000   Code   RO         3428    .text               mc_w.l(iusefp.o)
    0x0800082c   0x0800082c   0x0000006e   Code   RO         3429    .text               mf_w.l(fepilogue.o)
    0x0800089a   0x0800089a   0x000000ba   Code   RO         3431    .text               mf_w.l(depilogue.o)
    0x08000954   0x08000954   0x00000030   Code   RO         3435    .text               mf_w.l(dfixul.o)
    0x08000984   0x08000984   0x00000030   Code   RO         3437    .text               mf_w.l(cdrcmple.o)
    0x080009b4   0x080009b4   0x00000024   Code   RO         3439    .text               mc_w.l(init.o)
    0x080009d8   0x080009d8   0x00000020   Code   RO         3441    .text               mc_w.l(llushr.o)
    0x080009f8   0x080009f8   0x00000056   Code   RO         3455    .text               mc_w.l(__dczerorl2.o)
    0x08000a4e   0x08000a4e   0x00000002   PAD
    0x08000a50   0x08000a50   0x00000038   Code   RO         1217    i.BEEP_Init         beep.o
    0x08000a88   0x08000a88   0x00000004   Code   RO          253    i.BusFault_Handler  stm32f10x_it.o
    0x08000a8c   0x08000a8c   0x00000018   Code   RO         2934    i.DMA_Cmd           stm32f10x_dma.o
    0x08000aa4   0x08000aa4   0x0000003c   Code   RO         2940    i.DMA_Init          stm32f10x_dma.o
    0x08000ae0   0x08000ae0   0x00000054   Code   RO         1229    i.DMA_ReStart       dma.o
    0x08000b34   0x08000b34   0x00000090   Code   RO         1230    i.DMA_Start         dma.o
    0x08000bc4   0x08000bc4   0x00000002   Code   RO          254    i.DebugMon_Handler  stm32f10x_it.o
    0x08000bc6   0x08000bc6   0x00000002   PAD
    0x08000bc8   0x08000bc8   0x00000040   Code   RO         1247    i.ESP8266_MQTTCONNECT  esp8266.o
    0x08000c08   0x08000c08   0x00000040   Code   RO         1248    i.ESP8266_STAMODE   esp8266.o
    0x08000c48   0x08000c48   0x0000001c   Code   RO         1249    i.ESP8266_Sendcondition  esp8266.o
    0x08000c64   0x08000c64   0x00000150   Code   RO         1250    i.ESP8266_Setup     esp8266.o
    0x08000db4   0x08000db4   0x00000040   Code   RO         1251    i.ESP8266_Test      esp8266.o
    0x08000df4   0x08000df4   0x00000040   Code   RO         1252    i.ESP8266_recall    esp8266.o
    0x08000e34   0x08000e34   0x00000116   Code   RO         1752    i.GPIO_Init         stm32f10x_gpio.o
    0x08000f4a   0x08000f4a   0x00000002   PAD
    0x08000f4c   0x08000f4c   0x00000090   Code   RO         1754    i.GPIO_PinRemapConfig  stm32f10x_gpio.o
    0x08000fdc   0x08000fdc   0x00000012   Code   RO         1756    i.GPIO_ReadInputDataBit  stm32f10x_gpio.o
    0x08000fee   0x08000fee   0x00000004   Code   RO         1759    i.GPIO_ResetBits    stm32f10x_gpio.o
    0x08000ff2   0x08000ff2   0x00000004   Code   RO         1760    i.GPIO_SetBits      stm32f10x_gpio.o
    0x08000ff6   0x08000ff6   0x0000000a   Code   RO         1763    i.GPIO_WriteBit     stm32f10x_gpio.o
    0x08001000   0x08001000   0x00000004   Code   RO          255    i.HardFault_Handler  stm32f10x_it.o
    0x08001004   0x08001004   0x0000003c   Code   RO          526    i.KEY_Init          key.o
    0x08001040   0x08001040   0x000000a4   Code   RO          527    i.KEY_Scan          key.o
    0x080010e4   0x080010e4   0x0000004c   Code   RO          376    i.LED_Init          led.o
    0x08001130   0x08001130   0x00000050   Code   RO          388    i.MPU_Get_Accelerometer  mpu6050.o
    0x08001180   0x08001180   0x00000050   Code   RO          389    i.MPU_Get_Gyroscope  mpu6050.o
    0x080011d0   0x080011d0   0x00000068   Code   RO          390    i.MPU_Get_Temperature  mpu6050.o
    0x08001238   0x08001238   0x0000004c   Code   RO          466    i.MPU_IIC_Ack       mpuiic.o
    0x08001284   0x08001284   0x0000000a   Code   RO          467    i.MPU_IIC_Delay     mpuiic.o
    0x0800128e   0x0800128e   0x00000002   PAD
    0x08001290   0x08001290   0x00000038   Code   RO          468    i.MPU_IIC_Init      mpuiic.o
    0x080012c8   0x080012c8   0x0000004c   Code   RO          469    i.MPU_IIC_NAck      mpuiic.o
    0x08001314   0x08001314   0x0000006c   Code   RO          470    i.MPU_IIC_Read_Byte  mpuiic.o
    0x08001380   0x08001380   0x0000005c   Code   RO          471    i.MPU_IIC_Send_Byte  mpuiic.o
    0x080013dc   0x080013dc   0x00000048   Code   RO          472    i.MPU_IIC_Start     mpuiic.o
    0x08001424   0x08001424   0x00000048   Code   RO          473    i.MPU_IIC_Stop      mpuiic.o
    0x0800146c   0x0800146c   0x00000064   Code   RO          474    i.MPU_IIC_Wait_Ack  mpuiic.o
    0x080014d0   0x080014d0   0x000000c0   Code   RO          391    i.MPU_Init          mpu6050.o
    0x08001590   0x08001590   0x0000003a   Code   RO          392    i.MPU_Read_Byte     mpu6050.o
    0x080015ca   0x080015ca   0x00000074   Code   RO          393    i.MPU_Read_Len      mpu6050.o
    0x0800163e   0x0800163e   0x00000010   Code   RO          394    i.MPU_Set_Accel_Fsr  mpu6050.o
    0x0800164e   0x0800164e   0x00000010   Code   RO          395    i.MPU_Set_Gyro_Fsr  mpu6050.o
    0x0800165e   0x0800165e   0x0000003a   Code   RO          396    i.MPU_Set_LPF       mpu6050.o
    0x08001698   0x08001698   0x0000003a   Code   RO          397    i.MPU_Set_Rate      mpu6050.o
    0x080016d2   0x080016d2   0x00000044   Code   RO          398    i.MPU_Write_Byte    mpu6050.o
    0x08001716   0x08001716   0x00000004   Code   RO          256    i.MemManage_Handler  stm32f10x_it.o
    0x0800171a   0x0800171a   0x00000002   Code   RO          257    i.NMI_Handler       stm32f10x_it.o
    0x0800171c   0x0800171c   0x00000070   Code   RO         1710    i.NVIC_Init         misc.o
    0x0800178c   0x0800178c   0x00000014   Code   RO         1711    i.NVIC_PriorityGroupConfig  misc.o
    0x080017a0   0x080017a0   0x00000030   Code   RO         1059    i.OLED_Clear        oled1.o
    0x080017d0   0x080017d0   0x00000068   Code   RO         1061    i.OLED_DrawPoint    oled1.o
    0x08001838   0x08001838   0x0000004c   Code   RO         1062    i.OLED_I2C_Init     oled1.o
    0x08001884   0x08001884   0x00000050   Code   RO         1063    i.OLED_I2C_SendByte  oled1.o
    0x080018d4   0x080018d4   0x00000030   Code   RO         1064    i.OLED_I2C_Start    oled1.o
    0x08001904   0x08001904   0x00000028   Code   RO         1065    i.OLED_I2C_Stop     oled1.o
    0x0800192c   0x0800192c   0x000000ae   Code   RO         1066    i.OLED_Init         oled1.o
    0x080019da   0x080019da   0x00000002   PAD
    0x080019dc   0x080019dc   0x00000050   Code   RO         1067    i.OLED_Judge        oled1.o
    0x08001a2c   0x08001a2c   0x00000090   Code   RO         1068    i.OLED_Opposite     oled1.o
    0x08001abc   0x08001abc   0x00000044   Code   RO         1069    i.OLED_Refresh_Gram  oled1.o
    0x08001b00   0x08001b00   0x0000010c   Code   RO         1070    i.OLED_ShowChar     oled1.o
    0x08001c0c   0x08001c0c   0x000000bc   Code   RO         1071    i.OLED_ShowGraph    oled1.o
    0x08001cc8   0x08001cc8   0x00000094   Code   RO         1072    i.OLED_ShowNum      oled1.o
    0x08001d5c   0x08001d5c   0x0000005e   Code   RO         1073    i.OLED_ShowString   oled1.o
    0x08001dba   0x08001dba   0x00000002   PAD
    0x08001dbc   0x08001dbc   0x000000d8   Code   RO         1074    i.OLED_Show_ChineseChar  oled1.o
    0x08001e94   0x08001e94   0x0000004a   Code   RO         1075    i.OLED_Show_ChineseString  oled1.o
    0x08001ede   0x08001ede   0x00000020   Code   RO         1076    i.OLED_WriteCommand  oled1.o
    0x08001efe   0x08001efe   0x00000020   Code   RO         1077    i.OLED_WriteData    oled1.o
    0x08001f1e   0x08001f1e   0x00000002   Code   RO          258    i.PendSV_Handler    stm32f10x_it.o
    0x08001f20   0x08001f20   0x00000020   Code   RO         1885    i.RCC_AHBPeriphClockCmd  stm32f10x_rcc.o
    0x08001f40   0x08001f40   0x00000020   Code   RO         1886    i.RCC_APB1PeriphClockCmd  stm32f10x_rcc.o
    0x08001f60   0x08001f60   0x00000020   Code   RO         1888    i.RCC_APB2PeriphClockCmd  stm32f10x_rcc.o
    0x08001f80   0x08001f80   0x000000d4   Code   RO         1896    i.RCC_GetClocksFreq  stm32f10x_rcc.o
    0x08002054   0x08002054   0x00000002   Code   RO          259    i.SVC_Handler       stm32f10x_it.o
    0x08002056   0x08002056   0x00000084   Code   RO         1412    i.Serial_SendMessage  usart.o
    0x080020da   0x080020da   0x00000002   PAD
    0x080020dc   0x080020dc   0x00000080   Code   RO         1413    i.Serial_SendString  usart.o
    0x0800215c   0x0800215c   0x00000008   Code   RO          342    i.SetSysClock       system_stm32f10x.o
    0x08002164   0x08002164   0x000000e0   Code   RO          343    i.SetSysClockTo72   system_stm32f10x.o
    0x08002244   0x08002244   0x00000028   Code   RO         1714    i.SysTick_CLKSourceConfig  misc.o
    0x0800226c   0x0800226c   0x00000002   Code   RO          260    i.SysTick_Handler   stm32f10x_it.o
    0x0800226e   0x0800226e   0x00000002   PAD
    0x08002270   0x08002270   0x00000060   Code   RO          345    i.SystemInit        system_stm32f10x.o
    0x080022d0   0x080022d0   0x00000090   Code   RO         1193    i.TIM3_PWM_Init     timer.o
    0x08002360   0x08002360   0x00000038   Code   RO         1532    i.TIM4_IRQHandler   usmart.o
    0x08002398   0x08002398   0x000000d8   Code   RO            1    i.TIM5_IRQHandler   main.o
    0x08002470   0x08002470   0x00000060   Code   RO         1194    i.TIM5_Init         timer.o
    0x080024d0   0x080024d0   0x00000006   Code   RO         2394    i.TIM_ClearFlag     stm32f10x_tim.o
    0x080024d6   0x080024d6   0x00000006   Code   RO         2395    i.TIM_ClearITPendingBit  stm32f10x_tim.o
    0x080024dc   0x080024dc   0x00000018   Code   RO         2400    i.TIM_Cmd           stm32f10x_tim.o
    0x080024f4   0x080024f4   0x00000006   Code   RO         2419    i.TIM_GetCounter    stm32f10x_tim.o
    0x080024fa   0x080024fa   0x00000012   Code   RO         2420    i.TIM_GetFlagStatus  stm32f10x_tim.o
    0x0800250c   0x0800250c   0x00000022   Code   RO         2421    i.TIM_GetITStatus   stm32f10x_tim.o
    0x0800252e   0x0800252e   0x00000012   Code   RO         2425    i.TIM_ITConfig      stm32f10x_tim.o
    0x08002540   0x08002540   0x000000a4   Code   RO         2434    i.TIM_OC2Init       stm32f10x_tim.o
    0x080025e4   0x080025e4   0x0000001a   Code   RO         2437    i.TIM_OC2PreloadConfig  stm32f10x_tim.o
    0x080025fe   0x080025fe   0x00000004   Code   RO         2459    i.TIM_SetAutoreload  stm32f10x_tim.o
    0x08002602   0x08002602   0x00000004   Code   RO         2462    i.TIM_SetCompare2   stm32f10x_tim.o
    0x08002606   0x08002606   0x00000004   Code   RO         2465    i.TIM_SetCounter    stm32f10x_tim.o
    0x0800260a   0x0800260a   0x00000002   PAD
    0x0800260c   0x0800260c   0x000000a4   Code   RO         2471    i.TIM_TimeBaseInit  stm32f10x_tim.o
    0x080026b0   0x080026b0   0x00000138   Code   RO         1318    i.TTSPlay           syn6288.o
    0x080027e8   0x080027e8   0x0000005c   Code   RO         1533    i.Timer4_Init       usmart.o
    0x08002844   0x08002844   0x00000020   Code   RO         1415    i.UART2_SendByte    usart.o
    0x08002864   0x08002864   0x0000001c   Code   RO         1416    i.UART_init         usart.o
    0x08002880   0x08002880   0x00000080   Code   RO         1417    i.USART1_IRQHandler  usart.o
    0x08002900   0x08002900   0x000000f0   Code   RO         1418    i.USART3_IRQHandler  usart.o
    0x080029f0   0x080029f0   0x0000001e   Code   RO         2085    i.USART_ClearITPendingBit  stm32f10x_usart.o
    0x08002a0e   0x08002a0e   0x00000018   Code   RO         2088    i.USART_Cmd         stm32f10x_usart.o
    0x08002a26   0x08002a26   0x00000012   Code   RO         2089    i.USART_DMACmd      stm32f10x_usart.o
    0x08002a38   0x08002a38   0x0000001a   Code   RO         2091    i.USART_GetFlagStatus  stm32f10x_usart.o
    0x08002a52   0x08002a52   0x00000054   Code   RO         2092    i.USART_GetITStatus  stm32f10x_usart.o
    0x08002aa6   0x08002aa6   0x0000004a   Code   RO         2094    i.USART_ITConfig    stm32f10x_usart.o
    0x08002af0   0x08002af0   0x000000d8   Code   RO         2095    i.USART_Init        stm32f10x_usart.o
    0x08002bc8   0x08002bc8   0x0000000a   Code   RO         2102    i.USART_ReceiveData  stm32f10x_usart.o
    0x08002bd2   0x08002bd2   0x00000008   Code   RO         2105    i.USART_SendData    stm32f10x_usart.o
    0x08002bda   0x08002bda   0x00000122   Code   RO         1319    i.UTFchange         syn6288.o
    0x08002cfc   0x08002cfc   0x00000004   Code   RO          261    i.UsageFault_Handler  stm32f10x_it.o
    0x08002d00   0x08002d00   0x00000020   Code   RO         3274    i.__0printf         mc_w.l(printfa.o)
    0x08002d20   0x08002d20   0x00000020   Code   RO         3248    i.__0printf$8       mc_w.l(printf8.o)
    0x08002d40   0x08002d40   0x0000000e   Code   RO         3449    i.__scatterload_copy  mc_w.l(handlers.o)
    0x08002d4e   0x08002d4e   0x00000002   Code   RO         3450    i.__scatterload_null  mc_w.l(handlers.o)
    0x08002d50   0x08002d50   0x0000000e   Code   RO         3451    i.__scatterload_zeroinit  mc_w.l(handlers.o)
    0x08002d5e   0x08002d5e   0x00000002   PAD
    0x08002d60   0x08002d60   0x00000184   Code   RO         3281    i._fp_digits        mc_w.l(printfa.o)
    0x08002ee4   0x08002ee4   0x00000410   Code   RO         3255    i._printf_core      mc_w.l(printf8.o)
    0x080032f4   0x080032f4   0x000006dc   Code   RO         3282    i._printf_core      mc_w.l(printfa.o)
    0x080039d0   0x080039d0   0x00000024   Code   RO         3256    i._printf_post_padding  mc_w.l(printf8.o)
    0x080039f4   0x080039f4   0x00000024   Code   RO         3283    i._printf_post_padding  mc_w.l(printfa.o)
    0x08003a18   0x08003a18   0x0000002e   Code   RO         3257    i._printf_pre_padding  mc_w.l(printf8.o)
    0x08003a46   0x08003a46   0x0000002e   Code   RO         3284    i._printf_pre_padding  mc_w.l(printfa.o)
    0x08003a74   0x08003a74   0x000002f8   Code   RO            2    i.choice            main.o
    0x08003d6c   0x08003d6c   0x0000004c   Code   RO         1422    i.clrStruct         usart.o
    0x08003db8   0x08003db8   0x00000044   Code   RO         1349    i.delay_init        delay.o
    0x08003dfc   0x08003dfc   0x0000004c   Code   RO         1350    i.delay_ms          delay.o
    0x08003e48   0x08003e48   0x00000018   Code   RO         1351    i.delay_s           delay.o
    0x08003e60   0x08003e60   0x0000004c   Code   RO         1352    i.delay_us          delay.o
    0x08003eac   0x08003eac   0x0000001c   Code   RO            3    i.errorLog          main.o
    0x08003ec8   0x08003ec8   0x0000001c   Code   RO         1423    i.fputc             usart.o
    0x08003ee4   0x08003ee4   0x00000050   Code   RO         3302    i.free              mc_w.l(malloc.o)
    0x08003f34   0x08003f34   0x000000b4   Code   RO            4    i.home              main.o
    0x08003fe8   0x08003fe8   0x000003c8   Code   RO            5    i.home1             main.o
    0x080043b0   0x080043b0   0x000000c0   Code   RO            6    i.key_set           main.o
    0x08004470   0x08004470   0x00000330   Code   RO            7    i.main              main.o
    0x080047a0   0x080047a0   0x0000006c   Code   RO         3303    i.malloc            mc_w.l(malloc.o)
    0x0800480c   0x0800480c   0x00000016   Code   RO         1078    i.mypow             oled1.o
    0x08004822   0x08004822   0x00000002   PAD
    0x08004824   0x08004824   0x00000228   Code   RO            8    i.parseGpsBuffer    main.o
    0x08004a4c   0x08004a4c   0x000000b4   Code   RO            9    i.phone             main.o
    0x08004b00   0x08004b00   0x0000029c   Code   RO           10    i.phone1            main.o
    0x08004d9c   0x08004d9c   0x0000031c   Code   RO           11    i.printGpsBuffer    main.o
    0x080050b8   0x080050b8   0x00000006   Code   RO         1534    i.read_addr         usmart.o
    0x080050be   0x080050be   0x00000002   PAD
    0x080050c0   0x080050c0   0x000000b4   Code   RO           12    i.set_member        main.o
    0x08005174   0x08005174   0x0000012c   Code   RO           13    i.set_member1       main.o
    0x080052a0   0x080052a0   0x00000068   Code   RO         1424    i.uart2_init        usart.o
    0x08005308   0x08005308   0x000000b4   Code   RO         1425    i.uart3_init        usart.o
    0x080053bc   0x080053bc   0x000000a0   Code   RO         1426    i.uart_init         usart.o
    0x0800545c   0x0800545c   0x000000b0   Code   RO         1535    i.usmart_cmd_rec    usmart.o
    0x0800550c   0x0800550c   0x000002d4   Code   RO         1536    i.usmart_exe        usmart.o
    0x080057e0   0x080057e0   0x000000c8   Code   RO         1621    i.usmart_get_aparm  usmart_str.o
    0x080058a8   0x080058a8   0x00000036   Code   RO         1622    i.usmart_get_cmdname  usmart_str.o
    0x080058de   0x080058de   0x00000002   PAD
    0x080058e0   0x080058e0   0x000001c0   Code   RO         1623    i.usmart_get_fname  usmart_str.o
    0x08005aa0   0x08005aa0   0x0000010c   Code   RO         1624    i.usmart_get_fparam  usmart_str.o
    0x08005bac   0x08005bac   0x00000020   Code   RO         1625    i.usmart_get_parmpos  usmart_str.o
    0x08005bcc   0x08005bcc   0x00000044   Code   RO         1537    i.usmart_get_runtime  usmart.o
    0x08005c10   0x08005c10   0x00000028   Code   RO         1538    i.usmart_init       usmart.o
    0x08005c38   0x08005c38   0x00000016   Code   RO         1626    i.usmart_pow        usmart_str.o
    0x08005c4e   0x08005c4e   0x00000002   PAD
    0x08005c50   0x08005c50   0x00000030   Code   RO         1539    i.usmart_reset_runtime  usmart.o
    0x08005c80   0x08005c80   0x000000bc   Code   RO         1540    i.usmart_scan       usmart.o
    0x08005d3c   0x08005d3c   0x00000016   Code   RO         1627    i.usmart_search_nextc  usmart_str.o
    0x08005d52   0x08005d52   0x000000ca   Code   RO         1628    i.usmart_str2num    usmart_str.o
    0x08005e1c   0x08005e1c   0x00000022   Code   RO         1629    i.usmart_strcmp     usmart_str.o
    0x08005e3e   0x08005e3e   0x00000016   Code   RO         1630    i.usmart_strcopy    usmart_str.o
    0x08005e54   0x08005e54   0x00000018   Code   RO         1631    i.usmart_strlen     usmart_str.o
    0x08005e6c   0x08005e6c   0x000006e4   Code   RO         1541    i.usmart_sys_cmd_exe  usmart.o
    0x08006550   0x08006550   0x000000b4   Code   RO           14    i.weather           main.o
    0x08006604   0x08006604   0x00000254   Code   RO           15    i.weather1          main.o
    0x08006858   0x08006858   0x00000004   Code   RO         1542    i.write_addr        usmart.o
    0x0800685c   0x0800685c   0x00002424   Data   RO         1080    .constdata          oled1.o
    0x08008c80   0x08008c80   0x000000ae   Data   RO         1253    .conststring        esp8266.o
    0x08008d2e   0x08008d2e   0x00000002   PAD
    0x08008d30   0x08008d30   0x00000028   Data   RO         1543    .conststring        usmart.o
    0x08008d58   0x08008d58   0x000000e7   Data   RO         1608    .conststring        usmart_config.o
    0x08008e3f   0x08008e3f   0x00000001   PAD
    0x08008e40   0x08008e40   0x00000020   Data   RO         3447    Region$$Table       anon$$obj.o


    Execution Region ER_RW (Exec base: 0x20000000, Load base: 0x08008e60, Size: 0x000002cc, Max: 0xffffffff, ABSOLUTE, COMPRESSED[0x00000138])

    Exec Addr    Load Addr    Size         Type   Attr      Idx    E Section Name        Object

    0x20000000   COMPRESSED   0x00000103   Data   RW           17    .data               main.o
    0x20000103   COMPRESSED   0x00000001   PAD
    0x20000104   COMPRESSED   0x00000014   Data   RW          346    .data               system_stm32f10x.o
    0x20000118   COMPRESSED   0x00000001   Data   RW          528    .data               key.o
    0x20000119   COMPRESSED   0x00000001   PAD
    0x2000011a   COMPRESSED   0x00000037   Data   RW         1254    .data               esp8266.o
    0x20000151   COMPRESSED   0x00000001   PAD
    0x20000152   COMPRESSED   0x00000004   Data   RW         1353    .data               delay.o
    0x20000156   COMPRESSED   0x00000002   PAD
    0x20000158   COMPRESSED   0x0000000e   Data   RW         1428    .data               usart.o
    0x20000166   COMPRESSED   0x00000002   PAD
    0x20000168   COMPRESSED   0x0000001c   Data   RW         1544    .data               usmart.o
    0x20000184   COMPRESSED   0x0000012c   Data   RW         1609    .data               usmart_config.o
    0x200002b0   COMPRESSED   0x00000014   Data   RW         1916    .data               stm32f10x_rcc.o
    0x200002c4   COMPRESSED   0x00000004   Data   RW         3419    .data               mc_w.l(mvars.o)
    0x200002c8   COMPRESSED   0x00000004   Data   RW         3420    .data               mc_w.l(mvars.o)


    Execution Region ER_ZI (Exec base: 0x200002cc, Load base: 0x08008f98, Size: 0x00000e24, Max: 0xffffffff, ABSOLUTE)

    Exec Addr    Load Addr    Size         Type   Attr      Idx    E Section Name        Object

    0x200002cc        -       0x0000003a   Zero   RW           16    .bss                main.o
    0x20000306        -       0x00000400   Zero   RW         1079    .bss                oled1.o
    0x20000706        -       0x00000080   Zero   RW         1320    .bss                syn6288.o
    0x20000786        -       0x00000365   Zero   RW         1427    .bss                usart.o
    0x20000aeb   0x08008f98   0x00000005   PAD
    0x20000af0        -       0x00000200   Zero   RW         1704    HEAP                startup_stm32f10x_hd.o
    0x20000cf0        -       0x00000400   Zero   RW         1703    STACK               startup_stm32f10x_hd.o


==============================================================================

Image component sizes


      Code (inc. data)   RO Data    RW Data    ZI Data      Debug   Object Name

        56          6          0          0          0        484   beep.o
       244         26          0          4          0       2181   delay.o
       228         20          0          0          0       1186   dma.o
       620        248        174         55          0       4224   esp8266.o
       224         22          0          1          0       1130   key.o
        76          8          0          0          0        491   led.o
      6612        770          0        259         58     276054   main.o
       172         22          0          0          0       2017   misc.o
       846         30          0          0          0       7381   mpu6050.o
       662        100          0          0          0       4762   mpuiic.o
      1936         92       9252          0       1024      14028   oled1.o
        36          8        304          0       1536        780   startup_stm32f10x_hd.o
        84          0          0          0          0       2745   stm32f10x_dma.o
       458          6          0          0          0       5018   stm32f10x_gpio.o
        26          0          0          0          0       3622   stm32f10x_it.o
       308         38          0         20          0       4950   stm32f10x_rcc.o
       478         52          0          0          0       8031   stm32f10x_tim.o
       490          6          0          0          0       7318   stm32f10x_usart.o
       602          0          0          0        128       2890   syn6288.o
         0          0          0          0          0         32   sys.o
       328         28          0         20          0       2037   system_stm32f10x.o
       240         18          0          0          0       1284   timer.o
      1236         86          0         14        869      10434   usart.o
      3166       1330         40         28          0       7458   usmart.o
         0          0        231        300          0       1564   usmart_config.o
      1328         20          0          0          0       8361   usmart_str.o

    ----------------------------------------------------------------------
     20480       2936      10036        708       3620     380462   Object Totals
         0          0         32          0          0          0   (incl. Generated)
        24          0          3          7          5          0   (incl. Padding)

    ----------------------------------------------------------------------

      Code (inc. data)   RO Data    RW Data    ZI Data      Debug   Library Member Name

        86          0          0          0          0          0   __dczerorl2.o
         0          0          0          0          0          0   entry.o
         0          0          0          0          0          0   entry10a.o
         0          0          0          0          0          0   entry11a.o
         8          4          0          0          0          0   entry2.o
         4          0          0          0          0          0   entry5.o
         0          0          0          0          0          0   entry7b.o
         0          0          0          0          0          0   entry8b.o
         8          4          0          0          0          0   entry9a.o
        30          0          0          0          0          0   handlers.o
        36          8          0          0          0         68   init.o
         0          0          0          0          0          0   iusefp.o
        30          0          0          0          0         68   llshl.o
        36          0          0          0          0         68   llsshr.o
        32          0          0          0          0         68   llushr.o
       188         20          0          0          0        160   malloc.o
        36          0          0          0          0         68   memcpya.o
        36          0          0          0          0        108   memseta.o
         0          0          0          8          0          0   mvars.o
      1154         54          0          0          0        352   printf8.o
      2258         90          0          0          0        452   printfa.o
        18          0          0          0          0         68   strcpy.o
        14          0          0          0          0         68   strlen.o
        36          0          0          0          0         80   strstr.o
        44          0          0          0          0         80   uidiv.o
        98          0          0          0          0         92   uldiv.o
        48          0          0          0          0         68   cdrcmple.o
        20          0          0          0          0         68   cfcmple.o
        20          0          0          0          0         68   cfrcmple.o
        56          0          0          0          0         88   d2f.o
       334          0          0          0          0        148   dadd.o
       222          0          0          0          0        100   ddiv.o
       186          0          0          0          0        176   depilogue.o
        48          0          0          0          0         68   dfixul.o
        34          0          0          0          0         76   dflti.o
       228          0          0          0          0         96   dmul.o
       176          0          0          0          0        140   fadd.o
       124          0          0          0          0         88   fdiv.o
       110          0          0          0          0        168   fepilogue.o
        50          0          0          0          0         68   ffixi.o
        18          0          0          0          0         68   fflti.o
       100          0          0          0          0         76   fmul.o

    ----------------------------------------------------------------------
      5932        180          0          8          0       3364   Library Totals
         6          0          0          0          0          0   (incl. Padding)

    ----------------------------------------------------------------------

      Code (inc. data)   RO Data    RW Data    ZI Data      Debug   Library Name

      4152        180          0          8          0       1800   mc_w.l
      1774          0          0          0          0       1564   mf_w.l

    ----------------------------------------------------------------------
      5932        180          0          8          0       3364   Library Totals

    ----------------------------------------------------------------------

==============================================================================


      Code (inc. data)   RO Data    RW Data    ZI Data      Debug   

     26412       3116      10036        716       3620     374282   Grand Totals
     26412       3116      10036        312       3620     374282   ELF Image Totals (compressed)
     26412       3116      10036        312          0          0   ROM Totals

==============================================================================

    Total RO  Size (Code + RO Data)                36448 (  35.59kB)
    Total RW  Size (RW Data + ZI Data)              4336 (   4.23kB)
    Total ROM Size (Code + RO Data + RW Data)      36760 (  35.90kB)

==============================================================================

